Archive member included to satisfy reference by file (symbol)

/usr/lib/gcc/arm-none-eabi/10.3.1/thumb/v6-m/nofp/libgcc.a(_dvmd_tls.o)
                              CMakeFiles/PIO_SR04.dir/home/light/pico/pico-sdk/src/rp2_common/pico_divider/divider.S.obj (__aeabi_idiv0)
/usr/lib/gcc/arm-none-eabi/10.3.1/../../../arm-none-eabi/lib/thumb/v6-m/nofp/libg.a(lib_a-atexit.o)
                              /usr/lib/gcc/arm-none-eabi/10.3.1/../../../arm-none-eabi/lib/thumb/v6-m/nofp/crt0.o (atexit)
/usr/lib/gcc/arm-none-eabi/10.3.1/../../../arm-none-eabi/lib/thumb/v6-m/nofp/libg.a(lib_a-calloc.o)
                              CMakeFiles/PIO_SR04.dir/home/light/pico/pico-sdk/src/rp2_common/pico_malloc/pico_malloc.c.obj (calloc)
/usr/lib/gcc/arm-none-eabi/10.3.1/../../../arm-none-eabi/lib/thumb/v6-m/nofp/libg.a(lib_a-callocr.o)
                              /usr/lib/gcc/arm-none-eabi/10.3.1/../../../arm-none-eabi/lib/thumb/v6-m/nofp/libg.a(lib_a-calloc.o) (_calloc_r)
/usr/lib/gcc/arm-none-eabi/10.3.1/../../../arm-none-eabi/lib/thumb/v6-m/nofp/libg.a(lib_a-fini.o)
                              /usr/lib/gcc/arm-none-eabi/10.3.1/../../../arm-none-eabi/lib/thumb/v6-m/nofp/crt0.o (__libc_fini_array)
/usr/lib/gcc/arm-none-eabi/10.3.1/../../../arm-none-eabi/lib/thumb/v6-m/nofp/libg.a(lib_a-impure.o)
                              /usr/lib/gcc/arm-none-eabi/10.3.1/../../../arm-none-eabi/lib/thumb/v6-m/nofp/libg.a(lib_a-calloc.o) (_impure_ptr)
/usr/lib/gcc/arm-none-eabi/10.3.1/../../../arm-none-eabi/lib/thumb/v6-m/nofp/libg.a(lib_a-init.o)
                              /usr/lib/gcc/arm-none-eabi/10.3.1/../../../arm-none-eabi/lib/thumb/v6-m/nofp/crt0.o (__libc_init_array)
/usr/lib/gcc/arm-none-eabi/10.3.1/../../../arm-none-eabi/lib/thumb/v6-m/nofp/libg.a(lib_a-malloc.o)
                              CMakeFiles/PIO_SR04.dir/home/light/pico/pico-sdk/src/rp2_common/pico_malloc/pico_malloc.c.obj (malloc)
/usr/lib/gcc/arm-none-eabi/10.3.1/../../../arm-none-eabi/lib/thumb/v6-m/nofp/libg.a(lib_a-mallocr.o)
                              /usr/lib/gcc/arm-none-eabi/10.3.1/../../../arm-none-eabi/lib/thumb/v6-m/nofp/libg.a(lib_a-callocr.o) (_malloc_r)
/usr/lib/gcc/arm-none-eabi/10.3.1/../../../arm-none-eabi/lib/thumb/v6-m/nofp/libg.a(lib_a-mlock.o)
                              /usr/lib/gcc/arm-none-eabi/10.3.1/../../../arm-none-eabi/lib/thumb/v6-m/nofp/libg.a(lib_a-mallocr.o) (__malloc_lock)
/usr/lib/gcc/arm-none-eabi/10.3.1/../../../arm-none-eabi/lib/thumb/v6-m/nofp/libg.a(lib_a-sbrkr.o)
                              /usr/lib/gcc/arm-none-eabi/10.3.1/../../../arm-none-eabi/lib/thumb/v6-m/nofp/libg.a(lib_a-mallocr.o) (_sbrk_r)
/usr/lib/gcc/arm-none-eabi/10.3.1/../../../arm-none-eabi/lib/thumb/v6-m/nofp/libg.a(lib_a-strlen-stub.o)
                              CMakeFiles/PIO_SR04.dir/home/light/pico/pico-sdk/src/rp2_common/pico_stdio/stdio.c.obj (strlen)
/usr/lib/gcc/arm-none-eabi/10.3.1/../../../arm-none-eabi/lib/thumb/v6-m/nofp/libg.a(lib_a-__atexit.o)
                              /usr/lib/gcc/arm-none-eabi/10.3.1/../../../arm-none-eabi/lib/thumb/v6-m/nofp/libg.a(lib_a-atexit.o) (__register_exitproc)
/usr/lib/gcc/arm-none-eabi/10.3.1/../../../arm-none-eabi/lib/thumb/v6-m/nofp/libg.a(lib_a-freer.o)
                              /usr/lib/gcc/arm-none-eabi/10.3.1/../../../arm-none-eabi/lib/thumb/v6-m/nofp/libg.a(lib_a-malloc.o) (_free_r)
/usr/lib/gcc/arm-none-eabi/10.3.1/../../../arm-none-eabi/lib/thumb/v6-m/nofp/libg.a(lib_a-reent.o)
                              /usr/lib/gcc/arm-none-eabi/10.3.1/../../../arm-none-eabi/lib/thumb/v6-m/nofp/libg.a(lib_a-sbrkr.o) (errno)

Discarded input sections

 .text          0x0000000000000000        0x0 /usr/lib/gcc/arm-none-eabi/10.3.1/thumb/v6-m/nofp/crti.o
 .data          0x0000000000000000        0x0 /usr/lib/gcc/arm-none-eabi/10.3.1/thumb/v6-m/nofp/crti.o
 .bss           0x0000000000000000        0x0 /usr/lib/gcc/arm-none-eabi/10.3.1/thumb/v6-m/nofp/crti.o
 .data          0x0000000000000000        0x4 /usr/lib/gcc/arm-none-eabi/10.3.1/thumb/v6-m/nofp/crtbegin.o
 .rodata        0x0000000000000000       0x24 /usr/lib/gcc/arm-none-eabi/10.3.1/thumb/v6-m/nofp/crtbegin.o
 .fini_array    0x0000000000000000        0x4 /usr/lib/gcc/arm-none-eabi/10.3.1/thumb/v6-m/nofp/crtbegin.o
 .text          0x0000000000000000       0x74 /usr/lib/gcc/arm-none-eabi/10.3.1/../../../arm-none-eabi/lib/thumb/v6-m/nofp/crt0.o
 .data          0x0000000000000000        0x0 /usr/lib/gcc/arm-none-eabi/10.3.1/../../../arm-none-eabi/lib/thumb/v6-m/nofp/crt0.o
 .bss           0x0000000000000000        0x0 /usr/lib/gcc/arm-none-eabi/10.3.1/../../../arm-none-eabi/lib/thumb/v6-m/nofp/crt0.o
 .ARM.extab     0x0000000000000000        0x0 /usr/lib/gcc/arm-none-eabi/10.3.1/../../../arm-none-eabi/lib/thumb/v6-m/nofp/crt0.o
 .ARM.exidx     0x0000000000000000       0x10 /usr/lib/gcc/arm-none-eabi/10.3.1/../../../arm-none-eabi/lib/thumb/v6-m/nofp/crt0.o
[...]
Memory Configuration

Name             Origin             Length             Attributes
FLASH            0x0000000010000000 0x0000000000200000 xr
RAM              0x0000000020000000 0x0000000000040000 xrw
SCRATCH_X        0x0000000020040000 0x0000000000001000 xrw
SCRATCH_Y        0x0000000020041000 0x0000000000001000 xrw
*default*        0x0000000000000000 0xffffffffffffffff

Linker script and memory map

LOAD /usr/lib/gcc/arm-none-eabi/10.3.1/thumb/v6-m/nofp/crti.o
LOAD /usr/lib/gcc/arm-none-eabi/10.3.1/thumb/v6-m/nofp/crtbegin.o
LOAD /usr/lib/gcc/arm-none-eabi/10.3.1/../../../arm-none-eabi/lib/thumb/v6-m/nofp/crt0.o

.flash_begin    0x0000000010000000        0x0
                0x0000000010000000                __flash_binary_start = .

.boot2          0x0000000010000000      0x100
                0x0000000010000000                __boot2_start__ = .
 *(.boot2)
 .boot2         0x0000000010000000      0x100 /tmp/ccWxbtUp.o
                0x0000000010000100                __boot2_end__ = .
                0x0000000000000001                ASSERT (((__boot2_end__ - __boot2_start__) == 0x100), ERROR: Pico second stage bootloader must be 256 bytes in size)

.text           0x0000000010000100     0x4538
                0x0000000010000100                __logical_binary_start = .
 *(.vectors)
 .vectors       0x0000000010000100       0xd4 CMakeFiles/PIO_SR04.dir/home/light/pico/pico-sdk/src/rp2_common/pico_standard_link/crt0.S.obj
                0x0000000010000100                __vectors
                0x0000000010000100                __VECTOR_TABLE
                0x00000000100001c0                isr_invalid
                0x00000000100001c0                __default_isrs_start
                0x00000000100001c2                isr_nmi
                0x00000000100001c4                isr_hardfault
                0x00000000100001c6                isr_svcall
                0x00000000100001c8                isr_pendsv
                0x00000000100001ca                isr_systick
                0x00000000100001cc                isr_irq30
                0x00000000100001cc                __unhandled_user_irq
                0x00000000100001cc                isr_irq13
                0x00000000100001cc                isr_irq27
                0x00000000100001cc                isr_irq31
                0x00000000100001cc                isr_irq5
                0x00000000100001cc                isr_irq11
                0x00000000100001cc                isr_irq23
                0x00000000100001cc                isr_irq18
                0x00000000100001cc                isr_irq28
                0x00000000100001cc                isr_irq19
                0x00000000100001cc                isr_irq0
                0x00000000100001cc                isr_irq6
                0x00000000100001cc                isr_irq22
                0x00000000100001cc                isr_irq17
                0x00000000100001cc                isr_irq14
                0x00000000100001cc                isr_irq2
                0x00000000100001cc                isr_irq10
                0x00000000100001cc                isr_irq8
                0x00000000100001cc                isr_irq24
                0x00000000100001cc                isr_irq1
                0x00000000100001cc                isr_irq7
                0x00000000100001cc                isr_irq21
                0x00000000100001cc                isr_irq20
                0x00000000100001cc                isr_irq15
                0x00000000100001cc                isr_irq25
                0x00000000100001cc                isr_irq4
                0x00000000100001cc                isr_irq16
                0x00000000100001cc                isr_irq29
                0x00000000100001cc                isr_irq26
                0x00000000100001cc                __default_isrs_end
                0x00000000100001cc                isr_irq3
                0x00000000100001cc                isr_irq12
                0x00000000100001cc                isr_irq9
                0x00000000100001d2                unhandled_user_irq_num_in_r0
 *(.binary_info_header)
 .binary_info_header
                0x00000000100001d4       0x14 CMakeFiles/PIO_SR04.dir/home/light/pico/pico-sdk/src/rp2_common/pico_standard_link/crt0.S.obj
                0x00000000100001e8                __binary_info_header_end = .
 *(.reset)
 .reset         0x00000000100001e8       0xa8 CMakeFiles/PIO_SR04.dir/home/light/pico/pico-sdk/src/rp2_common/pico_standard_link/crt0.S.obj
                0x00000000100001e8                _entry_point
                0x0000000010000266                __get_current_exception
 .reset         0x0000000010000290       0x30 CMakeFiles/PIO_SR04.dir/home/light/pico/pico-sdk/src/rp2_common/pico_standard_link/binary_info.c.obj
 *(.init)
 .init          0x00000000100002c0        0x4 /usr/lib/gcc/arm-none-eabi/10.3.1/thumb/v6-m/nofp/crti.o
                0x00000000100002c0                _init
 *(EXCLUDE_FILE(*libm.a: *libc.a:*lib_a-mem*.o *libgcc.a:) .text*)
 .text          0x00000000100002c4       0x98 /usr/lib/gcc/arm-none-eabi/10.3.1/thumb/v6-m/nofp/crtbegin.o
 .text.measure_program_init
                0x000000001000035c       0xe8 CMakeFiles/PIO_SR04.dir/main.c.obj
                0x000000001000035c                measure_program_init
 .text.main     0x0000000010000444       0x5c CMakeFiles/PIO_SR04.dir/main.c.obj
                0x0000000010000444                main
 .text.gpio_set_function
                0x00000000100004a0       0x30 CMakeFiles/PIO_SR04.dir/home/light/pico/pico-sdk/src/rp2_common/hardware_gpio/gpio.c.obj
                0x00000000100004a0                gpio_set_function
 .text.hw_claim_lock
                0x00000000100004d0       0x18 CMakeFiles/PIO_SR04.dir/home/light/pico/pico-sdk/src/rp2_common/hardware_claim/claim.c.obj
                0x00000000100004d0                hw_claim_lock
 .text.hw_claim_unlock
                0x00000000100004e8       0x14 CMakeFiles/PIO_SR04.dir/home/light/pico/pico-sdk/src/rp2_common/hardware_claim/claim.c.obj
                0x00000000100004e8                hw_claim_unlock
 .text.hw_claim_or_assert
                0x00000000100004fc       0x32 CMakeFiles/PIO_SR04.dir/home/light/pico/pico-sdk/src/rp2_common/hardware_claim/claim.c.obj
                0x00000000100004fc                hw_claim_or_assert
 .text.hw_claim_unused_from_range
                0x000000001000052e       0x50 CMakeFiles/PIO_SR04.dir/home/light/pico/pico-sdk/src/rp2_common/hardware_claim/claim.c.obj
                0x000000001000052e                hw_claim_unused_from_range
 *fill*         0x000000001000057e        0x2 
 .text.running_on_fpga
                0x0000000010000580       0x14 CMakeFiles/PIO_SR04.dir/home/light/pico/pico-sdk/src/rp2_common/pico_platform/platform.c.obj
                0x0000000010000580                running_on_fpga
 .text.spin_locks_reset
                0x0000000010000594       0x20 CMakeFiles/PIO_SR04.dir/home/light/pico/pico-sdk/src/rp2_common/hardware_sync/sync.c.obj
                0x0000000010000594                spin_locks_reset
 .text.next_striped_spin_lock_num
                0x00000000100005b4       0x1c CMakeFiles/PIO_SR04.dir/home/light/pico/pico-sdk/src/rp2_common/hardware_sync/sync.c.obj
                0x00000000100005b4                next_striped_spin_lock_num
 .text.alarm_pool_post_alloc_init
                0x00000000100005d0       0x40 CMakeFiles/PIO_SR04.dir/home/light/pico/pico-sdk/src/common/pico_time/time.c.obj
 .text.sleep_until_callback
                0x0000000010000610       0x30 CMakeFiles/PIO_SR04.dir/home/light/pico/pico-sdk/src/common/pico_time/time.c.obj
 .text.timer_pool_entry_comparator
                0x0000000010000640       0x7c CMakeFiles/PIO_SR04.dir/home/light/pico/pico-sdk/src/common/pico_time/time.c.obj
                0x0000000010000640                timer_pool_entry_comparator
 .text.ph_add_child_node
                0x00000000100006bc       0xa4 CMakeFiles/PIO_SR04.dir/home/light/pico/pico-sdk/src/common/pico_time/time.c.obj
 .text.ph_merge_nodes
                0x0000000010000760       0x3e CMakeFiles/PIO_SR04.dir/home/light/pico/pico-sdk/src/common/pico_time/time.c.obj
 *fill*         0x000000001000079e        0x2 
 .text.add_alarm_under_lock
                0x00000000100007a0      0x174 CMakeFiles/PIO_SR04.dir/home/light/pico/pico-sdk/src/common/pico_time/time.c.obj
 .text.alarm_pool_alarm_callback
                0x0000000010000914      0x328 CMakeFiles/PIO_SR04.dir/home/light/pico/pico-sdk/src/common/pico_time/time.c.obj
 .text.alarm_pool_init_default
                0x0000000010000c3c       0x38 CMakeFiles/PIO_SR04.dir/home/light/pico/pico-sdk/src/common/pico_time/time.c.obj
                0x0000000010000c3c                alarm_pool_init_default
 .text.alarm_pool_get_default
                0x0000000010000c74       0x2c CMakeFiles/PIO_SR04.dir/home/light/pico/pico-sdk/src/common/pico_time/time.c.obj
                0x0000000010000c74                alarm_pool_get_default
 .text.alarm_pool_add_alarm_at
                0x0000000010000ca0      0x170 CMakeFiles/PIO_SR04.dir/home/light/pico/pico-sdk/src/common/pico_time/time.c.obj
                0x0000000010000ca0                alarm_pool_add_alarm_at
 .text.sleep_until
                0x0000000010000e10       0xfc CMakeFiles/PIO_SR04.dir/home/light/pico/pico-sdk/src/common/pico_time/time.c.obj
                0x0000000010000e10                sleep_until
 .text.sleep_us
                0x0000000010000f0c       0x58 CMakeFiles/PIO_SR04.dir/home/light/pico/pico-sdk/src/common/pico_time/time.c.obj
                0x0000000010000f0c                sleep_us
 .text.sleep_ms
                0x0000000010000f64       0x14 CMakeFiles/PIO_SR04.dir/home/light/pico/pico-sdk/src/common/pico_time/time.c.obj
                0x0000000010000f64                sleep_ms
 .text.hardware_alarm_irq_handler
                0x0000000010000f78       0x8c CMakeFiles/PIO_SR04.dir/home/light/pico/pico-sdk/src/rp2_common/hardware_timer/timer.c.obj
 .text.hardware_alarm_claim
                0x0000000010001004       0x18 CMakeFiles/PIO_SR04.dir/home/light/pico/pico-sdk/src/rp2_common/hardware_timer/timer.c.obj
                0x0000000010001004                hardware_alarm_claim
 .text.time_us_64
                0x000000001000101c       0x18 CMakeFiles/PIO_SR04.dir/home/light/pico/pico-sdk/src/rp2_common/hardware_timer/timer.c.obj
                0x000000001000101c                time_us_64
 .text.busy_wait_until
                0x0000000010001034       0x28 CMakeFiles/PIO_SR04.dir/home/light/pico/pico-sdk/src/rp2_common/hardware_timer/timer.c.obj
                0x0000000010001034                busy_wait_until
 .text.hardware_alarm_set_callback
                0x000000001000105c       0x90 CMakeFiles/PIO_SR04.dir/home/light/pico/pico-sdk/src/rp2_common/hardware_timer/timer.c.obj
                0x000000001000105c                hardware_alarm_set_callback
 .text.hardware_alarm_set_target
                0x00000000100010ec       0xe8 CMakeFiles/PIO_SR04.dir/home/light/pico/pico-sdk/src/rp2_common/hardware_timer/timer.c.obj
                0x00000000100010ec                hardware_alarm_set_target
 .text.hardware_alarm_cancel
                0x00000000100011d4       0x40 CMakeFiles/PIO_SR04.dir/home/light/pico/pico-sdk/src/rp2_common/hardware_timer/timer.c.obj
                0x00000000100011d4                hardware_alarm_cancel
 .text.lock_init
                0x0000000010001214       0x10 CMakeFiles/PIO_SR04.dir/home/light/pico/pico-sdk/src/common/pico_sync/lock_core.c.obj
                0x0000000010001214                lock_init
 .text.mutex_init
                0x0000000010001224       0x1a CMakeFiles/PIO_SR04.dir/home/light/pico/pico-sdk/src/common/pico_sync/mutex.c.obj
                0x0000000010001224                mutex_init
 .text.recursive_mutex_init
                0x000000001000123e       0x1e CMakeFiles/PIO_SR04.dir/home/light/pico/pico-sdk/src/common/pico_sync/mutex.c.obj
                0x000000001000123e                recursive_mutex_init
 .text.ph_add_child_node
                0x000000001000125c       0xa4 CMakeFiles/PIO_SR04.dir/home/light/pico/pico-sdk/src/common/pico_util/pheap.c.obj
 .text.ph_merge_nodes
                0x0000000010001300       0x3e CMakeFiles/PIO_SR04.dir/home/light/pico/pico-sdk/src/common/pico_util/pheap.c.obj
 *fill*         0x000000001000133e        0x2 
 .text.ph_clear
                0x0000000010001340       0x70 CMakeFiles/PIO_SR04.dir/home/light/pico/pico-sdk/src/common/pico_util/pheap.c.obj
                0x0000000010001340                ph_clear
 .text.ph_post_alloc_init
                0x00000000100013b0        0xe CMakeFiles/PIO_SR04.dir/home/light/pico/pico-sdk/src/common/pico_util/pheap.c.obj
                0x00000000100013b0                ph_post_alloc_init
 *fill*         0x00000000100013be        0x2 
 .text.ph_merge_two_pass
                0x00000000100013c0       0xa8 CMakeFiles/PIO_SR04.dir/home/light/pico/pico-sdk/src/common/pico_util/pheap.c.obj
                0x00000000100013c0                ph_merge_two_pass
 .text.ph_remove_any_head
                0x0000000010001468      0x108 CMakeFiles/PIO_SR04.dir/home/light/pico/pico-sdk/src/common/pico_util/pheap.c.obj
 .text.ph_remove_head
                0x0000000010001570       0x14 CMakeFiles/PIO_SR04.dir/home/light/pico/pico-sdk/src/common/pico_util/pheap.c.obj
                0x0000000010001570                ph_remove_head
 .text.ph_remove_and_free_node
                0x0000000010001584       0xf8 CMakeFiles/PIO_SR04.dir/home/light/pico/pico-sdk/src/common/pico_util/pheap.c.obj
                0x0000000010001584                ph_remove_and_free_node
 .text._exit    0x000000001000167c        0x4 CMakeFiles/PIO_SR04.dir/home/light/pico/pico-sdk/src/rp2_common/pico_runtime/runtime.c.obj
                0x000000001000167c                _exit
 .text.exit     0x0000000010001680        0x6 CMakeFiles/PIO_SR04.dir/home/light/pico/pico-sdk/src/rp2_common/pico_runtime/runtime.c.obj
                0x0000000010001680                exit
 *fill*         0x0000000010001686        0x2 
 .text.__assert_func
                0x0000000010001688       0x3c CMakeFiles/PIO_SR04.dir/home/light/pico/pico-sdk/src/rp2_common/pico_runtime/runtime.c.obj
                0x0000000010001688                __assert_func
 .text.runtime_init
                0x00000000100016c4       0xf8 CMakeFiles/PIO_SR04.dir/home/light/pico/pico-sdk/src/rp2_common/pico_runtime/runtime.c.obj
                0x00000000100016c4                runtime_init
 .text.panic    0x00000000100017bc       0x30 CMakeFiles/PIO_SR04.dir/home/light/pico/pico-sdk/src/rp2_common/pico_runtime/runtime.c.obj
                0x00000000100017bc                panic
 .text.clock_configure
                0x00000000100017ec      0x104 CMakeFiles/PIO_SR04.dir/home/light/pico/pico-sdk/src/rp2_common/hardware_clocks/clocks.c.obj
                0x00000000100017ec                clock_configure
 .text.clocks_init
                0x00000000100018f0      0x100 CMakeFiles/PIO_SR04.dir/home/light/pico/pico-sdk/src/rp2_common/hardware_clocks/clocks.c.obj
                0x00000000100018f0                clocks_init
 .text.clock_get_hz
                0x00000000100019f0        0xc CMakeFiles/PIO_SR04.dir/home/light/pico/pico-sdk/src/rp2_common/hardware_clocks/clocks.c.obj
                0x00000000100019f0                clock_get_hz
 .text.set_raw_irq_handler_and_unlock
                0x00000000100019fc       0x28 CMakeFiles/PIO_SR04.dir/home/light/pico/pico-sdk/src/rp2_common/hardware_irq/irq.c.obj
 .text.make_branch
                0x0000000010001a24       0x48 CMakeFiles/PIO_SR04.dir/home/light/pico/pico-sdk/src/rp2_common/hardware_irq/irq.c.obj
 .text.insert_branch_and_link
                0x0000000010001a6c       0x40 CMakeFiles/PIO_SR04.dir/home/light/pico/pico-sdk/src/rp2_common/hardware_irq/irq.c.obj
 .text.irq_is_enabled
                0x0000000010001aac       0x18 CMakeFiles/PIO_SR04.dir/home/light/pico/pico-sdk/src/rp2_common/hardware_irq/irq.c.obj
                0x0000000010001aac                irq_is_enabled
 .text.irq_set_mask_enabled
                0x0000000010001ac4       0x20 CMakeFiles/PIO_SR04.dir/home/light/pico/pico-sdk/src/rp2_common/hardware_irq/irq.c.obj
                0x0000000010001ac4                irq_set_mask_enabled
 .text.irq_set_enabled
                0x0000000010001ae4        0xe CMakeFiles/PIO_SR04.dir/home/light/pico/pico-sdk/src/rp2_common/hardware_irq/irq.c.obj
                0x0000000010001ae4                irq_set_enabled
 *fill*         0x0000000010001af2        0x2 
 .text.irq_get_vtable_handler
                0x0000000010001af4       0x10 CMakeFiles/PIO_SR04.dir/home/light/pico/pico-sdk/src/rp2_common/hardware_irq/irq.c.obj
                0x0000000010001af4                irq_get_vtable_handler
 .text.irq_set_exclusive_handler
                0x0000000010001b04       0x54 CMakeFiles/PIO_SR04.dir/home/light/pico/pico-sdk/src/rp2_common/hardware_irq/irq.c.obj
                0x0000000010001b04                irq_set_exclusive_handler
 .text.irq_remove_handler
                0x0000000010001b58      0x1a8 CMakeFiles/PIO_SR04.dir/home/light/pico/pico-sdk/src/rp2_common/hardware_irq/irq.c.obj
                0x0000000010001b58                irq_remove_handler
 .text.irq_add_tail_to_free_list
                0x0000000010001d00       0xf0 CMakeFiles/PIO_SR04.dir/home/light/pico/pico-sdk/src/rp2_common/hardware_irq/irq.c.obj
                0x0000000010001d00                irq_add_tail_to_free_list
 .text.irq_init_priorities
                0x0000000010001df0       0x1c CMakeFiles/PIO_SR04.dir/home/light/pico/pico-sdk/src/rp2_common/hardware_irq/irq.c.obj
                0x0000000010001df0                irq_init_priorities
 .text.pll_init
                0x0000000010001e0c      0x120 CMakeFiles/PIO_SR04.dir/home/light/pico/pico-sdk/src/rp2_common/hardware_pll/pll.c.obj
                0x0000000010001e0c                pll_init
 .text.watchdog_start_tick
                0x0000000010001f2c       0x10 CMakeFiles/PIO_SR04.dir/home/light/pico/pico-sdk/src/rp2_common/hardware_watchdog/watchdog.c.obj
                0x0000000010001f2c                watchdog_start_tick
 .text.xosc_init
                0x0000000010001f3c       0x28 CMakeFiles/PIO_SR04.dir/home/light/pico/pico-sdk/src/rp2_common/hardware_xosc/xosc.c.obj
                0x0000000010001f3c                xosc_init
 .text._out_null
                0x0000000010001f64        0x2 CMakeFiles/PIO_SR04.dir/home/light/pico/pico-sdk/src/rp2_common/pico_printf/printf.c.obj
 .text._out_fct
                0x0000000010001f66        0xe CMakeFiles/PIO_SR04.dir/home/light/pico/pico-sdk/src/rp2_common/pico_printf/printf.c.obj
 .text._atoi    0x0000000010001f74       0x24 CMakeFiles/PIO_SR04.dir/home/light/pico/pico-sdk/src/rp2_common/pico_printf/printf.c.obj
 .text._out_rev
                0x0000000010001f98       0xae CMakeFiles/PIO_SR04.dir/home/light/pico/pico-sdk/src/rp2_common/pico_printf/printf.c.obj
 .text._ntoa_format
                0x0000000010002046      0x112 CMakeFiles/PIO_SR04.dir/home/light/pico/pico-sdk/src/rp2_common/pico_printf/printf.c.obj
 .text._ntoa_long
                0x0000000010002158       0xbc CMakeFiles/PIO_SR04.dir/home/light/pico/pico-sdk/src/rp2_common/pico_printf/printf.c.obj
 .text._ntoa_long_long
                0x0000000010002214       0xe2 CMakeFiles/PIO_SR04.dir/home/light/pico/pico-sdk/src/rp2_common/pico_printf/printf.c.obj
 *fill*         0x00000000100022f6        0x2 
 .text._etoa    0x00000000100022f8      0x414 CMakeFiles/PIO_SR04.dir/home/light/pico/pico-sdk/src/rp2_common/pico_printf/printf.c.obj
 .text._ftoa    0x000000001000270c      0x354 CMakeFiles/PIO_SR04.dir/home/light/pico/pico-sdk/src/rp2_common/pico_printf/printf.c.obj
 .text._vsnprintf
                0x0000000010002a60      0x624 CMakeFiles/PIO_SR04.dir/home/light/pico/pico-sdk/src/rp2_common/pico_printf/printf.c.obj
 .text.vfctprintf
                0x0000000010003084       0x20 CMakeFiles/PIO_SR04.dir/home/light/pico/pico-sdk/src/rp2_common/pico_printf/printf.c.obj
                0x0000000010003084                vfctprintf
 .text          0x00000000100030a4       0x10 CMakeFiles/PIO_SR04.dir/home/light/pico/pico-sdk/src/rp2_common/pico_bit_ops/bit_ops_aeabi.S.obj
 .text.rom_func_lookup
                0x00000000100030b4       0x10 CMakeFiles/PIO_SR04.dir/home/light/pico/pico-sdk/src/rp2_common/pico_bootrom/bootrom.c.obj
                0x00000000100030b4                rom_func_lookup
 .text.rom_data_lookup
                0x00000000100030c4       0x10 CMakeFiles/PIO_SR04.dir/home/light/pico/pico-sdk/src/rp2_common/pico_bootrom/bootrom.c.obj
                0x00000000100030c4                rom_data_lookup
 .text.rom_funcs_lookup
                0x00000000100030d4       0x36 CMakeFiles/PIO_SR04.dir/home/light/pico/pico-sdk/src/rp2_common/pico_bootrom/bootrom.c.obj
                0x00000000100030d4                rom_funcs_lookup
 *fill*         0x000000001000310a        0x2 
 .text.__wrap___aeabi_idiv
                0x000000001000310c       0x50 CMakeFiles/PIO_SR04.dir/home/light/pico/pico-sdk/src/rp2_common/pico_divider/divider.S.obj
                0x000000001000310c                __wrap___aeabi_idivmod
                0x000000001000310c                divmod_s32s32
                0x000000001000310c                div_s32s32
                0x000000001000310c                __wrap___aeabi_idiv
                0x0000000010003114                divmod_s32s32_unsafe
                0x0000000010003140                divmod_s32s32_savestate
 .text.__wrap___aeabi_uidiv
                0x000000001000315c       0x4c CMakeFiles/PIO_SR04.dir/home/light/pico/pico-sdk/src/rp2_common/pico_divider/divider.S.obj
                0x000000001000315c                __wrap___aeabi_uidiv
                0x000000001000315c                __wrap___aeabi_uidivmod
                0x000000001000315c                div_u32u32
                0x000000001000315c                divmod_u32u32
                0x0000000010003164                divmod_u32u32_unsafe
                0x000000001000318c                divmod_u32u32_savestate
 .text.__wrap___aeabi_ldiv
                0x00000000100031a8      0x434 CMakeFiles/PIO_SR04.dir/home/light/pico/pico-sdk/src/rp2_common/pico_divider/divider.S.obj
                0x00000000100031a8                div_s64s64
                0x00000000100031a8                divmod_s64s64
                0x00000000100031a8                __wrap___aeabi_ldivmod
                0x00000000100031e0                div_u64u64
                0x00000000100031e0                divmod_u64u64
                0x00000000100031e0                __wrap___aeabi_uldivmod
                0x00000000100031f0                divmod_u64u64_savestate
                0x0000000010003218                divmod_s64s64_unsafe
                0x00000000100032a0                divmod_u64u64_unsafe
 .text.__wrap___aeabi_darithmetic
                0x00000000100035dc       0x80 CMakeFiles/PIO_SR04.dir/home/light/pico/pico-sdk/src/rp2_common/pico_double/double_aeabi.S.obj
                0x00000000100035dc                __wrap___aeabi_drsub
                0x00000000100035e2                __wrap___aeabi_dsub
                0x00000000100035f4                __wrap___aeabi_dadd
                0x0000000010003606                __wrap___aeabi_ddiv
                0x0000000010003642                __wrap___aeabi_dmul
 .text.__wrap___aeabi_cdcmple
                0x000000001000365c       0x6c CMakeFiles/PIO_SR04.dir/home/light/pico/pico-sdk/src/rp2_common/pico_double/double_aeabi.S.obj
                0x000000001000365c                __wrap___aeabi_cdrcmple
                0x000000001000366c                __wrap___aeabi_cdcmple
                0x000000001000366c                __wrap___aeabi_cdcmpeq
 .text.__wrap___aeabi_dcmplt
                0x00000000100036c8        0xc CMakeFiles/PIO_SR04.dir/home/light/pico/pico-sdk/src/rp2_common/pico_double/double_aeabi.S.obj
                0x00000000100036c8                __wrap___aeabi_dcmplt
 .text.__wrap___aeabi_dcmple
                0x00000000100036d4       0x10 CMakeFiles/PIO_SR04.dir/home/light/pico/pico-sdk/src/rp2_common/pico_double/double_aeabi.S.obj
                0x00000000100036d4                __wrap___aeabi_dcmple
 .text.__wrap___aeabi_dcmpge
                0x00000000100036e4       0x10 CMakeFiles/PIO_SR04.dir/home/light/pico/pico-sdk/src/rp2_common/pico_double/double_aeabi.S.obj
                0x00000000100036e4                __wrap___aeabi_dcmpge
 .text.__wrap___aeabi_dcmpgt
                0x00000000100036f4        0xa CMakeFiles/PIO_SR04.dir/home/light/pico/pico-sdk/src/rp2_common/pico_double/double_aeabi.S.obj
                0x00000000100036f4                __wrap___aeabi_dcmpgt
 .text.__wrap___aeabi_dcmpun
                0x00000000100036fe       0x1c CMakeFiles/PIO_SR04.dir/home/light/pico/pico-sdk/src/rp2_common/pico_double/double_aeabi.S.obj
                0x00000000100036fe                __wrap___aeabi_dcmpun
 *fill*         0x000000001000371a        0x2 
 .text.__wrap___aeabi_i2d
                0x000000001000371c       0x38 CMakeFiles/PIO_SR04.dir/home/light/pico/pico-sdk/src/rp2_common/pico_double/double_aeabi.S.obj
                0x000000001000371c                __wrap___aeabi_ui2d
                0x0000000010003724                __wrap___aeabi_i2d
 .text.__wrap___aeabi_d2iz
                0x0000000010003754       0x48 CMakeFiles/PIO_SR04.dir/home/light/pico/pico-sdk/src/rp2_common/pico_double/double_aeabi.S.obj
                0x0000000010003754                __wrap___aeabi_d2iz
                0x0000000010003754                double2int_z
 .text.__wrap___aeabi_d2uiz
                0x000000001000379c       0x18 CMakeFiles/PIO_SR04.dir/home/light/pico/pico-sdk/src/rp2_common/pico_double/double_aeabi.S.obj
                0x000000001000379c                double2uint
                0x000000001000379c                __wrap___aeabi_d2uiz
 .text.__aeabi_double_init
                0x00000000100037b4       0xc8 CMakeFiles/PIO_SR04.dir/home/light/pico/pico-sdk/src/rp2_common/pico_double/double_init_rom.c.obj
                0x00000000100037b4                __aeabi_double_init
 .text.double_table_shim_on_use_helper
                0x000000001000387c       0x34 CMakeFiles/PIO_SR04.dir/home/light/pico/pico-sdk/src/rp2_common/pico_double/double_v1_rom_shim.S.obj
                0x000000001000387c                double_table_shim_on_use_helper
 .text.__wrap___aeabi_dsub
                0x00000000100038b0       0x10 CMakeFiles/PIO_SR04.dir/home/light/pico/pico-sdk/src/rp2_common/pico_double/double_v1_rom_shim.S.obj
                0x00000000100038b0                drsub_shim
                0x00000000100038b6                dsub_shim
 .text.dadd_shim
                0x00000000100038c0      0x15c CMakeFiles/PIO_SR04.dir/home/light/pico/pico-sdk/src/rp2_common/pico_double/double_v1_rom_shim.S.obj
                0x00000000100038c0                dadd_shim
 .text.dmul_shim
                0x0000000010003a1c      0x15c CMakeFiles/PIO_SR04.dir/home/light/pico/pico-sdk/src/rp2_common/pico_double/double_v1_rom_shim.S.obj
                0x0000000010003a1c                dmul_shim
 .text.ddiv_shim
                0x0000000010003b78      0x1b0 CMakeFiles/PIO_SR04.dir/home/light/pico/pico-sdk/src/rp2_common/pico_double/double_v1_rom_shim.S.obj
                0x0000000010003b78                ddiv_shim
 .text.double2uint_shim
                0x0000000010003d28        0xe CMakeFiles/PIO_SR04.dir/home/light/pico/pico-sdk/src/rp2_common/pico_double/double_v1_rom_shim.S.obj
                0x0000000010003d28                double2uint_shim
                0x0000000010003d2a                double2ufix_shim
 *fill*         0x0000000010003d36        0x2 
 .text.double2uint64_shim
                0x0000000010003d38       0x70 CMakeFiles/PIO_SR04.dir/home/light/pico/pico-sdk/src/rp2_common/pico_double/double_v1_rom_shim.S.obj
                0x0000000010003d38                double2uint64_shim
                0x0000000010003d3a                double2ufix64_shim
                0x0000000010003d5a                d2fix_a
 .text.dunpacks
                0x0000000010003da8       0x3c CMakeFiles/PIO_SR04.dir/home/light/pico/pico-sdk/src/rp2_common/pico_double/double_v1_rom_shim.S.obj
                0x0000000010003da8                dunpacks
 .text.__aeabi_lmul
                0x0000000010003de4       0x32 CMakeFiles/PIO_SR04.dir/home/light/pico/pico-sdk/src/rp2_common/pico_int64_ops/pico_int64_ops_aeabi.S.obj
                0x0000000010003de4                __wrap___aeabi_lmul
 *fill*         0x0000000010003e16        0x2 
 .text.__wrap___aeabi_farithmetic
                0x0000000010003e18       0x58 CMakeFiles/PIO_SR04.dir/home/light/pico/pico-sdk/src/rp2_common/pico_float/float_aeabi.S.obj
                0x0000000010003e18                __wrap___aeabi_frsub
                0x0000000010003e1e                __wrap___aeabi_fsub
                0x0000000010003e28                __wrap___aeabi_fadd
                0x0000000010003e32                __wrap___aeabi_fdiv
                0x0000000010003e5e                __wrap___aeabi_fmul
 .text.__wrap___aeabi_ui2f
                0x0000000010003e70        0xa CMakeFiles/PIO_SR04.dir/home/light/pico/pico-sdk/src/rp2_common/pico_float/float_aeabi.S.obj
                0x0000000010003e70                __wrap___aeabi_ui2f
 *fill*         0x0000000010003e7a        0x2 
 .text.__wrap___aeabi_i2f
                0x0000000010003e7c       0x44 CMakeFiles/PIO_SR04.dir/home/light/pico/pico-sdk/src/rp2_common/pico_float/float_aeabi.S.obj
                0x0000000010003e7c                __wrap___aeabi_i2f
 .text.__wrap___aeabi_f2uiz
                0x0000000010003ec0       0x10 CMakeFiles/PIO_SR04.dir/home/light/pico/pico-sdk/src/rp2_common/pico_float/float_aeabi.S.obj
                0x0000000010003ec0                __wrap___aeabi_f2uiz
 .text.__aeabi_float_init
                0x0000000010003ed0       0xfc CMakeFiles/PIO_SR04.dir/home/light/pico/pico-sdk/src/rp2_common/pico_float/float_init_rom.c.obj
                0x0000000010003ed0                __aeabi_float_init
 .text.float_table_shim_on_use_helper
                0x0000000010003fcc       0x34 CMakeFiles/PIO_SR04.dir/home/light/pico/pico-sdk/src/rp2_common/pico_float/float_v1_rom_shim.S.obj
                0x0000000010003fcc                float_table_shim_on_use_helper
 .text          0x0000000010004000       0x10 CMakeFiles/PIO_SR04.dir/home/light/pico/pico-sdk/src/rp2_common/pico_mem_ops/mem_ops_aeabi.S.obj
                0x0000000010004000                __aeabi_mem_init
 .text.memset   0x0000000010004010        0xc CMakeFiles/PIO_SR04.dir/home/light/pico/pico-sdk/src/rp2_common/pico_mem_ops/mem_ops_aeabi.S.obj
                0x0000000010004010                __wrap_memset
 .text.memcpy   0x000000001000401c        0xc CMakeFiles/PIO_SR04.dir/home/light/pico/pico-sdk/src/rp2_common/pico_mem_ops/mem_ops_aeabi.S.obj
                0x000000001000401c                __wrap___aeabi_memcpy
                0x000000001000401c                __wrap_memcpy
 .text.stdio_out_chars_no_crlf
                0x0000000010004028        0xe CMakeFiles/PIO_SR04.dir/home/light/pico/pico-sdk/src/rp2_common/pico_stdio/stdio.c.obj
 *fill*         0x0000000010004036        0x2 
 .text.stdio_out_chars_crlf
                0x0000000010004038       0x80 CMakeFiles/PIO_SR04.dir/home/light/pico/pico-sdk/src/rp2_common/pico_stdio/stdio.c.obj
 .text.stdio_stack_buffer_flush
                0x00000000100040b8       0x44 CMakeFiles/PIO_SR04.dir/home/light/pico/pico-sdk/src/rp2_common/pico_stdio/stdio.c.obj
 .text.stdio_buffered_printer
                0x00000000100040fc       0x20 CMakeFiles/PIO_SR04.dir/home/light/pico/pico-sdk/src/rp2_common/pico_stdio/stdio.c.obj
 .text.stdout_serialize_begin
                0x000000001000411c       0x30 CMakeFiles/PIO_SR04.dir/home/light/pico/pico-sdk/src/rp2_common/pico_stdio/stdio.c.obj
                0x000000001000411c                stdout_serialize_begin
 .text.stdout_serialize_end
                0x000000001000414c       0x10 CMakeFiles/PIO_SR04.dir/home/light/pico/pico-sdk/src/rp2_common/pico_stdio/stdio.c.obj
                0x000000001000414c                stdout_serialize_end
 .text.stdio_put_string
                0x000000001000415c       0x98 CMakeFiles/PIO_SR04.dir/home/light/pico/pico-sdk/src/rp2_common/pico_stdio/stdio.c.obj
 .text.stdio_flush
                0x00000000100041f4       0x20 CMakeFiles/PIO_SR04.dir/home/light/pico/pico-sdk/src/rp2_common/pico_stdio/stdio.c.obj
                0x00000000100041f4                stdio_flush
 .text.__wrap_puts
                0x0000000010004214       0x1e CMakeFiles/PIO_SR04.dir/home/light/pico/pico-sdk/src/rp2_common/pico_stdio/stdio.c.obj
                0x0000000010004214                __wrap_puts
 *fill*         0x0000000010004232        0x2 
 .text.__wrap_vprintf
                0x0000000010004234       0x44 CMakeFiles/PIO_SR04.dir/home/light/pico/pico-sdk/src/rp2_common/pico_stdio/stdio.c.obj
                0x0000000010004234                __wrap_vprintf
 .text.__wrap_printf
                0x0000000010004278       0x18 CMakeFiles/PIO_SR04.dir/home/light/pico/pico-sdk/src/rp2_common/pico_stdio/stdio.c.obj
                0x0000000010004278                __wrap_printf
 .text._pio_can_add_program_at_offset
                0x0000000010004290       0x3c CMakeFiles/PIO_SR04.dir/home/light/pico/pico-sdk/src/rp2_common/hardware_pio/pio.c.obj
 .text._pio_find_offset_for_program
                0x00000000100042cc       0x7c CMakeFiles/PIO_SR04.dir/home/light/pico/pico-sdk/src/rp2_common/hardware_pio/pio.c.obj
 .text._pio_add_program_at_offset
                0x0000000010004348       0x78 CMakeFiles/PIO_SR04.dir/home/light/pico/pico-sdk/src/rp2_common/hardware_pio/pio.c.obj
 .text.pio_claim_unused_sm
                0x00000000100043c0       0x3c CMakeFiles/PIO_SR04.dir/home/light/pico/pico-sdk/src/rp2_common/hardware_pio/pio.c.obj
                0x00000000100043c0                pio_claim_unused_sm
 .text.pio_add_program
                0x00000000100043fc       0x38 CMakeFiles/PIO_SR04.dir/home/light/pico/pico-sdk/src/rp2_common/hardware_pio/pio.c.obj
                0x00000000100043fc                pio_add_program
 .text.pio_sm_set_consecutive_pindirs
                0x0000000010004434       0x70 CMakeFiles/PIO_SR04.dir/home/light/pico/pico-sdk/src/rp2_common/hardware_pio/pio.c.obj
                0x0000000010004434                pio_sm_set_consecutive_pindirs
 .text.pio_sm_init
                0x00000000100044a4       0xe4 CMakeFiles/PIO_SR04.dir/home/light/pico/pico-sdk/src/rp2_common/hardware_pio/pio.c.obj
                0x00000000100044a4                pio_sm_init
 .text          0x0000000010004588       0x5c /usr/lib/gcc/arm-none-eabi/10.3.1/../../../arm-none-eabi/lib/thumb/v6-m/nofp/libg.a(lib_a-strlen-stub.o)
                0x0000000010004588                strlen
 *(.fini)
 .fini          0x00000000100045e4        0x4 /usr/lib/gcc/arm-none-eabi/10.3.1/thumb/v6-m/nofp/crti.o
                0x00000000100045e4                _fini
 .fini.__stub   0x00000000100045e8       0x50 linker stubs
 *crtbegin.o(.ctors)
 *crtbegin?.o(.ctors)
 *(EXCLUDE_FILE(*crtend.o *crtend?.o) .ctors)
 *(SORT_BY_NAME(.ctors.*))
 *(.ctors)
 *crtbegin.o(.dtors)
 *crtbegin?.o(.dtors)
 *(EXCLUDE_FILE(*crtend.o *crtend?.o) .dtors)
 *(SORT_BY_NAME(.dtors.*))
 *(.dtors)
 *(.eh_frame*)
 .eh_frame      0x0000000010004638        0x0 /usr/lib/gcc/arm-none-eabi/10.3.1/thumb/v6-m/nofp/crtbegin.o
                0x0000000010004638                . = ALIGN (0x4)

.glue_7         0x0000000010004638        0x0
 .glue_7        0x0000000010004638        0x0 linker stubs

.glue_7t        0x0000000010004638        0x0
 .glue_7t       0x0000000010004638        0x0 linker stubs

.vfp11_veneer   0x0000000010004638        0x0
 .vfp11_veneer  0x0000000010004638        0x0 linker stubs

.v4_bx          0x0000000010004638        0x0
 .v4_bx         0x0000000010004638        0x0 linker stubs

.iplt           0x0000000010004638        0x0
 .iplt          0x0000000010004638        0x0 /usr/lib/gcc/arm-none-eabi/10.3.1/thumb/v6-m/nofp/crtbegin.o

.rodata         0x0000000010004638      0xef4
 *(EXCLUDE_FILE(*libm.a: *libc.a:*lib_a-mem*.o *libgcc.a:) .rodata*)
 .rodata.measure_program
                0x0000000010004638        0x6 CMakeFiles/PIO_SR04.dir/main.c.obj
 *fill*         0x000000001000463e        0x2 
 .rodata.measure_program_instructions
                0x0000000010004640       0x14 CMakeFiles/PIO_SR04.dir/main.c.obj
 .rodata.repeating_timer_callback.str1.4
                0x0000000010004654       0x4a CMakeFiles/PIO_SR04.dir/home/light/pico/pico-sdk/src/common/pico_time/time.c.obj
 *fill*         0x000000001000469e        0x2 
 .rodata.alarm_pool_dump_key.str1.4
                0x00000000100046a0       0x33 CMakeFiles/PIO_SR04.dir/home/light/pico/pico-sdk/src/common/pico_time/time.c.obj
 *fill*         0x00000000100046d3        0x1 
 .rodata.ph_add_child_node.str1.4
                0x00000000100046d4       0x96 CMakeFiles/PIO_SR04.dir/home/light/pico/pico-sdk/src/common/pico_time/time.c.obj
 *fill*         0x000000001000476a        0x2 
 .rodata.add_alarm_under_lock.str1.4
                0x000000001000476c       0x28 CMakeFiles/PIO_SR04.dir/home/light/pico/pico-sdk/src/common/pico_time/time.c.obj
                                         0x2b (size before relaxing)
 .rodata.alarm_pool_alarm_callback.str1.4
                0x0000000010004794       0xe2 CMakeFiles/PIO_SR04.dir/home/light/pico/pico-sdk/src/common/pico_time/time.c.obj
 *fill*         0x0000000010004876        0x2 
 .rodata.alarm_pool_get_default.str1.4
                0x0000000010004878       0x21 CMakeFiles/PIO_SR04.dir/home/light/pico/pico-sdk/src/common/pico_time/time.c.obj
 *fill*         0x0000000010004899        0x3 
 .rodata.sleep_until.str1.4
                0x000000001000489c       0x4d CMakeFiles/PIO_SR04.dir/home/light/pico/pico-sdk/src/common/pico_time/time.c.obj
 *fill*         0x00000000100048e9        0x3 
 .rodata.__func__.10
                0x00000000100048ec       0x15 CMakeFiles/PIO_SR04.dir/home/light/pico/pico-sdk/src/common/pico_time/time.c.obj
 *fill*         0x0000000010004901        0x3 
 .rodata.__func__.11
                0x0000000010004904       0x1a CMakeFiles/PIO_SR04.dir/home/light/pico/pico-sdk/src/common/pico_time/time.c.obj
 *fill*         0x000000001000491e        0x2 
 .rodata.__func__.12
                0x0000000010004920        0xa CMakeFiles/PIO_SR04.dir/home/light/pico/pico-sdk/src/common/pico_time/time.c.obj
 *fill*         0x000000001000492a        0x2 
 .rodata.__func__.3
                0x000000001000492c       0x17 CMakeFiles/PIO_SR04.dir/home/light/pico/pico-sdk/src/common/pico_time/time.c.obj
 *fill*         0x0000000010004943        0x1 
 .rodata.__func__.4
                0x0000000010004944       0x12 CMakeFiles/PIO_SR04.dir/home/light/pico/pico-sdk/src/common/pico_time/time.c.obj
 *fill*         0x0000000010004956        0x2 
 .rodata.__func__.5
                0x0000000010004958        0xd CMakeFiles/PIO_SR04.dir/home/light/pico/pico-sdk/src/common/pico_time/time.c.obj
 *fill*         0x0000000010004965        0x3 
 .rodata.__func__.6
                0x0000000010004968       0x12 CMakeFiles/PIO_SR04.dir/home/light/pico/pico-sdk/src/common/pico_time/time.c.obj
 *fill*         0x000000001000497a        0x2 
 .rodata.__func__.7
                0x000000001000497c        0xf CMakeFiles/PIO_SR04.dir/home/light/pico/pico-sdk/src/common/pico_time/time.c.obj
 *fill*         0x000000001000498b        0x1 
 .rodata.__func__.8
                0x000000001000498c        0xc CMakeFiles/PIO_SR04.dir/home/light/pico/pico-sdk/src/common/pico_time/time.c.obj
 .rodata.__func__.9
                0x0000000010004998       0x15 CMakeFiles/PIO_SR04.dir/home/light/pico/pico-sdk/src/common/pico_time/time.c.obj
 *fill*         0x00000000100049ad        0x3 
 .rodata.hardware_alarm_claim.str1.4
                0x00000000100049b0       0x22 CMakeFiles/PIO_SR04.dir/home/light/pico/pico-sdk/src/rp2_common/hardware_timer/timer.c.obj
 *fill*         0x00000000100049d2        0x2 
 .rodata.hardware_alarm_set_target.str1.4
                0x00000000100049d4       0x64 CMakeFiles/PIO_SR04.dir/home/light/pico/pico-sdk/src/rp2_common/hardware_timer/timer.c.obj
 .rodata.__func__.0
                0x0000000010004a38       0x1a CMakeFiles/PIO_SR04.dir/home/light/pico/pico-sdk/src/rp2_common/hardware_timer/timer.c.obj
 *fill*         0x0000000010004a52        0x2 
 .rodata.str1.4
                0x0000000010004a54       0x89 CMakeFiles/PIO_SR04.dir/home/light/pico/pico-sdk/src/common/pico_sync/mutex.c.obj
                                         0xe9 (size before relaxing)
 *fill*         0x0000000010004add        0x3 
 .rodata.__func__.1
                0x0000000010004ae0        0xb CMakeFiles/PIO_SR04.dir/home/light/pico/pico-sdk/src/common/pico_sync/mutex.c.obj
 .rodata.ph_add_child_node.str1.4
                0x0000000010004aeb       0x96 CMakeFiles/PIO_SR04.dir/home/light/pico/pico-sdk/src/common/pico_util/pheap.c.obj
 *fill*         0x0000000010004aeb        0x1 
 .rodata.ph_remove_any_head.str1.4
                0x0000000010004aec       0x8c CMakeFiles/PIO_SR04.dir/home/light/pico/pico-sdk/src/common/pico_util/pheap.c.obj
 .rodata.ph_remove_and_free_node.str1.4
                0x0000000010004b78       0x26 CMakeFiles/PIO_SR04.dir/home/light/pico/pico-sdk/src/common/pico_util/pheap.c.obj
 *fill*         0x0000000010004b9e        0x2 
 .rodata.__func__.0
                0x0000000010004ba0       0x18 CMakeFiles/PIO_SR04.dir/home/light/pico/pico-sdk/src/common/pico_util/pheap.c.obj
 .rodata.__func__.1
                0x0000000010004bb8       0x13 CMakeFiles/PIO_SR04.dir/home/light/pico/pico-sdk/src/common/pico_util/pheap.c.obj
 *fill*         0x0000000010004bcb        0x1 
 .rodata.__func__.2
                0x0000000010004bcc       0x12 CMakeFiles/PIO_SR04.dir/home/light/pico/pico-sdk/src/common/pico_util/pheap.c.obj
 *fill*         0x0000000010004bde        0x2 
 .rodata.__func__.3
                0x0000000010004be0        0xc CMakeFiles/PIO_SR04.dir/home/light/pico/pico-sdk/src/common/pico_util/pheap.c.obj
 .rodata.__assert_func.str1.4
                0x0000000010004bec       0x3f CMakeFiles/PIO_SR04.dir/home/light/pico/pico-sdk/src/rp2_common/pico_runtime/runtime.c.obj
                                         0x43 (size before relaxing)
 *fill*         0x0000000010004c2b        0x1 
 .rodata.runtime_init.str1.4
                0x0000000010004c2c       0x60 CMakeFiles/PIO_SR04.dir/home/light/pico/pico-sdk/src/rp2_common/pico_runtime/runtime.c.obj
 .rodata.panic.str1.4
                0x0000000010004c8c       0x12 CMakeFiles/PIO_SR04.dir/home/light/pico/pico-sdk/src/rp2_common/pico_runtime/runtime.c.obj
 *fill*         0x0000000010004c9e        0x2 
 .rodata.__func__.1
                0x0000000010004ca0        0xd CMakeFiles/PIO_SR04.dir/home/light/pico/pico-sdk/src/rp2_common/pico_runtime/runtime.c.obj
 *fill*         0x0000000010004cad        0x3 
 .rodata.clock_configure.str1.4
                0x0000000010004cb0       0x56 CMakeFiles/PIO_SR04.dir/home/light/pico/pico-sdk/src/rp2_common/hardware_clocks/clocks.c.obj
 *fill*         0x0000000010004d06        0x2 
 .rodata.__func__.1
                0x0000000010004d08       0x10 CMakeFiles/PIO_SR04.dir/home/light/pico/pico-sdk/src/rp2_common/hardware_clocks/clocks.c.obj
 .rodata.make_branch.str1.4
                0x0000000010004d18       0x6c CMakeFiles/PIO_SR04.dir/home/light/pico/pico-sdk/src/rp2_common/hardware_irq/irq.c.obj
 .rodata.insert_branch_and_link.str1.4
                0x0000000010004d84       0x10 CMakeFiles/PIO_SR04.dir/home/light/pico/pico-sdk/src/rp2_common/hardware_irq/irq.c.obj
 .rodata.irq_set_exclusive_handler.str1.4
                0x0000000010004d94       0x36 CMakeFiles/PIO_SR04.dir/home/light/pico/pico-sdk/src/rp2_common/hardware_irq/irq.c.obj
 *fill*         0x0000000010004dca        0x2 
 .rodata.irq_add_shared_handler.str1.4
                0x0000000010004dcc       0xd9 CMakeFiles/PIO_SR04.dir/home/light/pico/pico-sdk/src/rp2_common/hardware_irq/irq.c.obj
 *fill*         0x0000000010004ea5        0x3 
 .rodata.irq_remove_handler.str1.4
                0x0000000010004ea8       0x2a CMakeFiles/PIO_SR04.dir/home/light/pico/pico-sdk/src/rp2_common/hardware_irq/irq.c.obj
 *fill*         0x0000000010004ed2        0x2 
 .rodata.irq_add_tail_to_free_list.str1.4
                0x0000000010004ed4       0x32 CMakeFiles/PIO_SR04.dir/home/light/pico/pico-sdk/src/rp2_common/hardware_irq/irq.c.obj
                                         0x3a (size before relaxing)
 *fill*         0x0000000010004f06        0x2 
 .rodata.__func__.0
                0x0000000010004f08       0x1a CMakeFiles/PIO_SR04.dir/home/light/pico/pico-sdk/src/rp2_common/hardware_irq/irq.c.obj
 *fill*         0x0000000010004f22        0x2 
 .rodata.__func__.1
                0x0000000010004f24       0x17 CMakeFiles/PIO_SR04.dir/home/light/pico/pico-sdk/src/rp2_common/hardware_irq/irq.c.obj
 *fill*         0x0000000010004f3b        0x1 
 .rodata.__func__.2
                0x0000000010004f3c       0x13 CMakeFiles/PIO_SR04.dir/home/light/pico/pico-sdk/src/rp2_common/hardware_irq/irq.c.obj
 *fill*         0x0000000010004f4f        0x1 
 .rodata.__func__.3
                0x0000000010004f50        0xc CMakeFiles/PIO_SR04.dir/home/light/pico/pico-sdk/src/rp2_common/hardware_irq/irq.c.obj
 .rodata.__func__.4
                0x0000000010004f5c        0xf CMakeFiles/PIO_SR04.dir/home/light/pico/pico-sdk/src/rp2_common/hardware_irq/irq.c.obj
 *fill*         0x0000000010004f6b        0x1 
 .rodata.__func__.6
                0x0000000010004f6c       0x1a CMakeFiles/PIO_SR04.dir/home/light/pico/pico-sdk/src/rp2_common/hardware_irq/irq.c.obj
 *fill*         0x0000000010004f86        0x2 
 .rodata.pll_init.str1.4
                0x0000000010004f88       0xd7 CMakeFiles/PIO_SR04.dir/home/light/pico/pico-sdk/src/rp2_common/hardware_pll/pll.c.obj
 *fill*         0x000000001000505f        0x1 
 .rodata.__func__.0
                0x0000000010005060        0x9 CMakeFiles/PIO_SR04.dir/home/light/pico/pico-sdk/src/rp2_common/hardware_pll/pll.c.obj
 *fill*         0x0000000010005069        0x3 
 .rodata._ftoa.str1.4
                0x000000001000506c       0x15 CMakeFiles/PIO_SR04.dir/home/light/pico/pico-sdk/src/rp2_common/pico_printf/printf.c.obj
 *fill*         0x0000000010005081        0x3 
 .rodata._vsnprintf
                0x0000000010005084      0x1e0 CMakeFiles/PIO_SR04.dir/home/light/pico/pico-sdk/src/rp2_common/pico_printf/printf.c.obj
 *fill*         0x0000000010005264        0x4 
 .rodata.pow10.0
                0x0000000010005268       0x50 CMakeFiles/PIO_SR04.dir/home/light/pico/pico-sdk/src/rp2_common/pico_printf/printf.c.obj
 .rodata.__aeabi_double_init.str1.4
                0x00000000100052b8       0xa7 CMakeFiles/PIO_SR04.dir/home/light/pico/pico-sdk/src/rp2_common/pico_double/double_init_rom.c.obj
 *fill*         0x000000001000535f        0x1 
 .rodata.__func__.0
                0x0000000010005360       0x14 CMakeFiles/PIO_SR04.dir/home/light/pico/pico-sdk/src/rp2_common/pico_double/double_init_rom.c.obj
 .rodata.__aeabi_float_init.str1.4
                0x0000000010005374       0x79 CMakeFiles/PIO_SR04.dir/home/light/pico/pico-sdk/src/rp2_common/pico_float/float_init_rom.c.obj
                                         0x7d (size before relaxing)
 *fill*         0x00000000100053ed        0x3 
 .rodata.__func__.0
                0x00000000100053f0       0x13 CMakeFiles/PIO_SR04.dir/home/light/pico/pico-sdk/src/rp2_common/pico_float/float_init_rom.c.obj
 *fill*         0x0000000010005403        0x1 
 .rodata.str1.4
                0x0000000010005404       0x40 CMakeFiles/PIO_SR04.dir/home/light/pico/pico-sdk/src/rp2_common/pico_standard_link/binary_info.c.obj
 .rodata.__bi_44
                0x0000000010005444        0xc CMakeFiles/PIO_SR04.dir/home/light/pico/pico-sdk/src/rp2_common/pico_standard_link/binary_info.c.obj
 .rodata.__bi_75
                0x0000000010005450        0xc CMakeFiles/PIO_SR04.dir/home/light/pico/pico-sdk/src/rp2_common/pico_standard_link/binary_info.c.obj
 .rodata.__bi_81
                0x000000001000545c        0xc CMakeFiles/PIO_SR04.dir/home/light/pico/pico-sdk/src/rp2_common/pico_standard_link/binary_info.c.obj
 .rodata.crlf_str.3
                0x0000000010005468        0x2 CMakeFiles/PIO_SR04.dir/home/light/pico/pico-sdk/src/rp2_common/pico_stdio/stdio.c.obj
 *fill*         0x000000001000546a        0x2 
 .rodata._pio_find_offset_for_program.str1.4
                0x000000001000546c       0x68 CMakeFiles/PIO_SR04.dir/home/light/pico/pico-sdk/src/rp2_common/hardware_pio/pio.c.obj
 .rodata._pio_add_program_at_offset.str1.4
                0x00000000100054d4       0x11 CMakeFiles/PIO_SR04.dir/home/light/pico/pico-sdk/src/rp2_common/hardware_pio/pio.c.obj
 *fill*         0x00000000100054e5        0x3 
 .rodata.pio_claim_unused_sm.str1.4
                0x00000000100054e8       0x24 CMakeFiles/PIO_SR04.dir/home/light/pico/pico-sdk/src/rp2_common/hardware_pio/pio.c.obj
 .rodata.__func__.1
                0x000000001000550c       0x1d CMakeFiles/PIO_SR04.dir/home/light/pico/pico-sdk/src/rp2_common/hardware_pio/pio.c.obj
                0x000000001000552c                . = ALIGN (0x4)
 *fill*         0x0000000010005529        0x3 
 *(SORT_BY_ALIGNMENT(SORT_BY_NAME(.flashdata*)))
                0x000000001000552c                . = ALIGN (0x4)

.rel.dyn        0x000000001000552c        0x0
 .rel.iplt      0x000000001000552c        0x0 /usr/lib/gcc/arm-none-eabi/10.3.1/thumb/v6-m/nofp/crtbegin.o

.ARM.extab
 *(.ARM.extab* .gnu.linkonce.armextab.*)
                0x000000001000552c                __exidx_start = .

.ARM.exidx
 *(.ARM.exidx* .gnu.linkonce.armexidx.*)
                0x000000001000552c                __exidx_end = .
                0x000000001000552c                . = ALIGN (0x4)
                0x000000001000552c                __binary_info_start = .

.binary_info    0x000000001000552c       0x1c
 *(.binary_info.keep.*)
 .binary_info.keep.__bi_ptr22
                0x000000001000552c        0x4 CMakeFiles/PIO_SR04.dir/home/light/pico/pico-sdk/src/rp2_common/pico_standard_link/binary_info.c.obj
 .binary_info.keep.__bi_ptr30
                0x0000000010005530        0x4 CMakeFiles/PIO_SR04.dir/home/light/pico/pico-sdk/src/rp2_common/pico_standard_link/binary_info.c.obj
 .binary_info.keep.__bi_ptr38
                0x0000000010005534        0x4 CMakeFiles/PIO_SR04.dir/home/light/pico/pico-sdk/src/rp2_common/pico_standard_link/binary_info.c.obj
 .binary_info.keep.__bi_ptr44
                0x0000000010005538        0x4 CMakeFiles/PIO_SR04.dir/home/light/pico/pico-sdk/src/rp2_common/pico_standard_link/binary_info.c.obj
 .binary_info.keep.__bi_ptr50
                0x000000001000553c        0x4 CMakeFiles/PIO_SR04.dir/home/light/pico/pico-sdk/src/rp2_common/pico_standard_link/binary_info.c.obj
 .binary_info.keep.__bi_ptr75
                0x0000000010005540        0x4 CMakeFiles/PIO_SR04.dir/home/light/pico/pico-sdk/src/rp2_common/pico_standard_link/binary_info.c.obj
 .binary_info.keep.__bi_ptr81
                0x0000000010005544        0x4 CMakeFiles/PIO_SR04.dir/home/light/pico/pico-sdk/src/rp2_common/pico_standard_link/binary_info.c.obj
 *(.binary_info.*)
                0x0000000010005548                __binary_info_end = .
                0x0000000010005548                . = ALIGN (0x4)
                0x0000000010005548                __etext = .

.ram_vector_table
                0x0000000020000000       0xc0
 *(.ram_vector_table)
 .ram_vector_table
                0x0000000020000000       0xc0 CMakeFiles/PIO_SR04.dir/home/light/pico/pico-sdk/src/rp2_common/pico_runtime/runtime.c.obj
                0x0000000020000000                ram_vector_table

.data           0x00000000200000c0      0x1ac load address 0x0000000010005548
                0x00000000200000c0                __data_start__ = .
 *(vtable)
 *(.time_critical*)
 .time_critical.mutex_enter_blocking
                0x00000000200000c0       0x48 CMakeFiles/PIO_SR04.dir/home/light/pico/pico-sdk/src/common/pico_sync/mutex.c.obj
                0x00000000200000c0                mutex_enter_blocking
 .time_critical.mutex_try_enter
                0x0000000020000108       0x46 CMakeFiles/PIO_SR04.dir/home/light/pico/pico-sdk/src/common/pico_sync/mutex.c.obj
                0x0000000020000108                mutex_try_enter
 *fill*         0x000000002000014e        0x2 
 .time_critical.mutex_exit
                0x0000000020000150       0x4c CMakeFiles/PIO_SR04.dir/home/light/pico/pico-sdk/src/common/pico_sync/mutex.c.obj
                0x0000000020000150                mutex_exit
 *(.text*)
 .text          0x000000002000019c        0x4 /usr/lib/gcc/arm-none-eabi/10.3.1/thumb/v6-m/nofp/libgcc.a(_dvmd_tls.o)
                0x000000002000019c                __aeabi_ldiv0
                0x000000002000019c                __aeabi_idiv0
 .text.__stub   0x00000000200001a0       0x10 linker stubs
                0x00000000200001b0                . = ALIGN (0x4)
 *(.rodata*)
                0x00000000200001b0                . = ALIGN (0x4)
 *(.data*)
 .data.striped_spin_lock_num
                0x00000000200001b0        0x1 CMakeFiles/PIO_SR04.dir/home/light/pico/pico-sdk/src/rp2_common/hardware_sync/sync.c.obj
 *fill*         0x00000000200001b1        0x3 
 .data.default_alarm_pool
                0x00000000200001b4       0x18 CMakeFiles/PIO_SR04.dir/home/light/pico/pico-sdk/src/common/pico_time/time.c.obj
 .data.default_alarm_pool_heap
                0x00000000200001cc       0x10 CMakeFiles/PIO_SR04.dir/home/light/pico/pico-sdk/src/common/pico_time/time.c.obj
 .data          0x00000000200001dc       0x48 CMakeFiles/PIO_SR04.dir/home/light/pico/pico-sdk/src/rp2_common/hardware_irq/irq_handler_chain.S.obj
                0x00000000200001dc                irq_handler_chain_slots
                0x000000002000020c                irq_handler_chain_first_slot
                0x0000000020000216                irq_handler_chain_remove_tail
 *fill*         0x0000000020000224        0xc 
 .data.aeabi_bits_funcs
                0x0000000020000230       0x10 CMakeFiles/PIO_SR04.dir/home/light/pico/pico-sdk/src/rp2_common/pico_bit_ops/bit_ops_aeabi.S.obj
                0x0000000020000230                aeabi_bits_funcs
                0x0000000020000240                aeabi_bits_funcs_end
 .data.aeabi_mem_funcs
                0x0000000020000240       0x10 CMakeFiles/PIO_SR04.dir/home/light/pico/pico-sdk/src/rp2_common/pico_mem_ops/mem_ops_aeabi.S.obj
                0x0000000020000240                aeabi_mem_funcs
                0x0000000020000250                aeabi_mem_funcs_end
                0x0000000020000250                . = ALIGN (0x4)
 *(.after_data.*)
                0x0000000020000250                . = ALIGN (0x4)
                0x0000000020000250                PROVIDE (__mutex_array_start = .)
 *(SORT_BY_NAME(.mutex_array.*))
 *(.mutex_array)
 .mutex_array   0x0000000020000250        0x8 CMakeFiles/PIO_SR04.dir/home/light/pico/pico-sdk/src/rp2_common/pico_stdio/stdio.c.obj
                0x0000000020000258                PROVIDE (__mutex_array_end = .)
                0x0000000020000258                . = ALIGN (0x4)
                0x0000000020000258                PROVIDE (__preinit_array_start = .)
 *(SORT_BY_NAME(.preinit_array.*))
 .preinit_array.00001
                0x0000000020000258        0x4 CMakeFiles/PIO_SR04.dir/home/light/pico/pico-sdk/src/rp2_common/pico_mem_ops/mem_ops_aeabi.S.obj
 .preinit_array.00010
                0x000000002000025c        0x4 CMakeFiles/PIO_SR04.dir/home/light/pico/pico-sdk/src/rp2_common/pico_bit_ops/bit_ops_aeabi.S.obj
 .preinit_array.00020
                0x0000000020000260        0x4 CMakeFiles/PIO_SR04.dir/home/light/pico/pico-sdk/src/rp2_common/pico_double/double_aeabi.S.obj
 .preinit_array.00020
                0x0000000020000264        0x4 CMakeFiles/PIO_SR04.dir/home/light/pico/pico-sdk/src/rp2_common/pico_float/float_aeabi.S.obj
 *(.preinit_array)
                0x0000000020000268                PROVIDE (__preinit_array_end = .)
                0x0000000020000268                . = ALIGN (0x4)
                0x0000000020000268                PROVIDE (__init_array_start = .)
 *(SORT_BY_NAME(.init_array.*))
 *(.init_array)
 .init_array    0x0000000020000268        0x4 /usr/lib/gcc/arm-none-eabi/10.3.1/thumb/v6-m/nofp/crtbegin.o
                0x000000002000026c                PROVIDE (__init_array_end = .)
                0x000000002000026c                . = ALIGN (0x4)
                0x000000002000026c                PROVIDE (__fini_array_start = .)
 *(SORT_BY_NAME(.fini_array.*))
 *(.fini_array)
                0x000000002000026c                PROVIDE (__fini_array_end = .)
 *(.jcr)
                0x000000002000026c                . = ALIGN (0x4)
                0x000000002000026c                __data_end__ = .

.tm_clone_table
                0x000000002000026c        0x0 load address 0x00000000100056f4
 .tm_clone_table
                0x000000002000026c        0x0 /usr/lib/gcc/arm-none-eabi/10.3.1/thumb/v6-m/nofp/crtbegin.o
 .tm_clone_table
                0x000000002000026c        0x0 /usr/lib/gcc/arm-none-eabi/10.3.1/thumb/v6-m/nofp/crtend.o

.igot.plt       0x000000002000026c        0x0 load address 0x00000000100056f4
 .igot.plt      0x000000002000026c        0x0 /usr/lib/gcc/arm-none-eabi/10.3.1/thumb/v6-m/nofp/crtbegin.o

.uninitialized_data
                0x000000002000026c        0x0 load address 0x00000000100056f4
                0x000000002000026c                . = ALIGN (0x4)
 *(.uninitialized_data*)

.scratch_x      0x0000000020040000        0x0 load address 0x00000000100056f4
                0x0000000020040000                __scratch_x_start__ = .
 *(.scratch_x.*)
                0x0000000020040000                . = ALIGN (0x4)
                0x0000000020040000                __scratch_x_end__ = .
                0x00000000100056f4                __scratch_x_source__ = LOADADDR (.scratch_x)

.scratch_y      0x0000000020041000        0x0 load address 0x00000000100056f4
                0x0000000020041000                __scratch_y_start__ = .
 *(.scratch_y.*)
                0x0000000020041000                . = ALIGN (0x4)
                0x0000000020041000                __scratch_y_end__ = .
                0x00000000100056f4                __scratch_y_source__ = LOADADDR (.scratch_y)

.bss            0x0000000020000270      0x3d0
                0x0000000020000270                . = ALIGN (0x4)
                0x0000000020000270                __bss_start__ = .
 *(SORT_BY_ALIGNMENT(SORT_BY_NAME(.bss*)))
 .bss.default_alarm_pool_entries
                0x0000000020000270      0x100 CMakeFiles/PIO_SR04.dir/home/light/pico/pico-sdk/src/common/pico_time/time.c.obj
 .bss           0x0000000020000370       0x1c /usr/lib/gcc/arm-none-eabi/10.3.1/thumb/v6-m/nofp/crtbegin.o
 .bss._used_instruction_space
                0x000000002000038c        0x8 CMakeFiles/PIO_SR04.dir/home/light/pico/pico-sdk/src/rp2_common/hardware_pio/pio.c.obj
 .bss.alarm_callbacks
                0x0000000020000394       0x10 CMakeFiles/PIO_SR04.dir/home/light/pico/pico-sdk/src/rp2_common/hardware_timer/timer.c.obj
 .bss.configured_freq
                0x00000000200003a4       0x28 CMakeFiles/PIO_SR04.dir/home/light/pico/pico-sdk/src/rp2_common/hardware_clocks/clocks.c.obj
 .bss.default_alarm_pool_entry_ids_high
                0x00000000200003cc       0x10 CMakeFiles/PIO_SR04.dir/home/light/pico/pico-sdk/src/common/pico_time/time.c.obj
 .bss.default_alarm_pool_heap_nodes
                0x00000000200003dc       0x30 CMakeFiles/PIO_SR04.dir/home/light/pico/pico-sdk/src/common/pico_time/time.c.obj
 .bss.drivers   0x000000002000040c        0x4 CMakeFiles/PIO_SR04.dir/home/light/pico/pico-sdk/src/rp2_common/pico_stdio/stdio.c.obj
 .bss.filter    0x0000000020000410        0x4 CMakeFiles/PIO_SR04.dir/home/light/pico/pico-sdk/src/rp2_common/pico_stdio/stdio.c.obj
 .bss.pools     0x0000000020000414       0x10 CMakeFiles/PIO_SR04.dir/home/light/pico/pico-sdk/src/common/pico_time/time.c.obj
 .bss.sd_table  0x0000000020000424      0x100 CMakeFiles/PIO_SR04.dir/home/light/pico/pico-sdk/src/rp2_common/pico_double/double_init_rom.c.obj
                0x0000000020000424                sd_table
 .bss.sf_clz_func
                0x0000000020000524        0x4 CMakeFiles/PIO_SR04.dir/home/light/pico/pico-sdk/src/rp2_common/pico_double/double_init_rom.c.obj
                0x0000000020000524                sf_clz_func
 .bss.sf_table  0x0000000020000528      0x100 CMakeFiles/PIO_SR04.dir/home/light/pico/pico-sdk/src/rp2_common/pico_float/float_init_rom.c.obj
                0x0000000020000528                sf_table
 .bss.sleep_notifier
                0x0000000020000628        0x4 CMakeFiles/PIO_SR04.dir/home/light/pico/pico-sdk/src/common/pico_time/time.c.obj
 .bss.target_hi
                0x000000002000062c       0x10 CMakeFiles/PIO_SR04.dir/home/light/pico/pico-sdk/src/rp2_common/hardware_timer/timer.c.obj
 .bss.claimed   0x000000002000063c        0x1 CMakeFiles/PIO_SR04.dir/home/light/pico/pico-sdk/src/rp2_common/hardware_timer/timer.c.obj
 .bss.claimed   0x000000002000063d        0x1 CMakeFiles/PIO_SR04.dir/home/light/pico/pico-sdk/src/rp2_common/hardware_pio/pio.c.obj
 .bss.irq_hander_chain_free_slot_head
                0x000000002000063e        0x1 CMakeFiles/PIO_SR04.dir/home/light/pico/pico-sdk/src/rp2_common/hardware_irq/irq.c.obj
 .bss.timer_callbacks_pending
                0x000000002000063f        0x1 CMakeFiles/PIO_SR04.dir/home/light/pico/pico-sdk/src/rp2_common/hardware_timer/timer.c.obj
 *(COMMON)
                0x0000000020000640                . = ALIGN (0x4)
                0x0000000020000640                __bss_end__ = .

.heap           0x0000000020000640      0x800
                0x0000000020000640                __end__ = .
                0x0000000020000640                end = __end__
 *(.heap*)
 .heap          0x0000000020000640      0x800 CMakeFiles/PIO_SR04.dir/home/light/pico/pico-sdk/src/rp2_common/pico_standard_link/crt0.S.obj
                0x0000000020000e40                __HeapLimit = .

.stack1_dummy   0x0000000020040000        0x0
 *(.stack1*)

.stack_dummy    0x0000000020041000      0x800
 *(.stack*)
 .stack         0x0000000020041000      0x800 CMakeFiles/PIO_SR04.dir/home/light/pico/pico-sdk/src/rp2_common/pico_standard_link/crt0.S.obj

.flash_end      0x00000000100056f4        0x0
                0x00000000100056f4                __flash_binary_end = .
                0x0000000020040000                __StackLimit = (ORIGIN (RAM) + LENGTH (RAM))
                0x0000000020041000                __StackOneTop = (ORIGIN (SCRATCH_X) + LENGTH (SCRATCH_X))
                0x0000000020042000                __StackTop = (ORIGIN (SCRATCH_Y) + LENGTH (SCRATCH_Y))
                0x0000000020041000                __StackOneBottom = (__StackOneTop - SIZEOF (.stack1_dummy))
                0x0000000020041800                __StackBottom = (__StackTop - SIZEOF (.stack_dummy))
                0x0000000020042000                PROVIDE (__stack = __StackTop)
                0x0000000000000001                ASSERT ((__StackLimit >= __HeapLimit), region RAM overflowed)
                0x0000000000000001                ASSERT (((__binary_info_header_end - __logical_binary_start) <= 0x100), Binary info must be in first 256 bytes of the binary)
LOAD CMakeFiles/PIO_SR04.dir/main.c.obj
LOAD CMakeFiles/PIO_SR04.dir/home/light/pico/pico-sdk/src/rp2_common/pico_stdlib/stdlib.c.obj
LOAD CMakeFiles/PIO_SR04.dir/home/light/pico/pico-sdk/src/rp2_common/hardware_gpio/gpio.c.obj
LOAD CMakeFiles/PIO_SR04.dir/home/light/pico/pico-sdk/src/rp2_common/hardware_claim/claim.c.obj
LOAD CMakeFiles/PIO_SR04.dir/home/light/pico/pico-sdk/src/rp2_common/pico_platform/platform.c.obj
LOAD CMakeFiles/PIO_SR04.dir/home/light/pico/pico-sdk/src/rp2_common/hardware_sync/sync.c.obj
LOAD CMakeFiles/PIO_SR04.dir/home/light/pico/pico-sdk/src/rp2_common/hardware_uart/uart.c.obj
LOAD CMakeFiles/PIO_SR04.dir/home/light/pico/pico-sdk/src/rp2_common/hardware_divider/divider.S.obj
LOAD CMakeFiles/PIO_SR04.dir/home/light/pico/pico-sdk/src/common/pico_time/time.c.obj
LOAD CMakeFiles/PIO_SR04.dir/home/light/pico/pico-sdk/src/common/pico_time/timeout_helper.c.obj
LOAD CMakeFiles/PIO_SR04.dir/home/light/pico/pico-sdk/src/rp2_common/hardware_timer/timer.c.obj
LOAD CMakeFiles/PIO_SR04.dir/home/light/pico/pico-sdk/src/common/pico_sync/sem.c.obj
LOAD CMakeFiles/PIO_SR04.dir/home/light/pico/pico-sdk/src/common/pico_sync/lock_core.c.obj
LOAD CMakeFiles/PIO_SR04.dir/home/light/pico/pico-sdk/src/common/pico_sync/mutex.c.obj
LOAD CMakeFiles/PIO_SR04.dir/home/light/pico/pico-sdk/src/common/pico_sync/critical_section.c.obj
LOAD CMakeFiles/PIO_SR04.dir/home/light/pico/pico-sdk/src/common/pico_util/datetime.c.obj
LOAD CMakeFiles/PIO_SR04.dir/home/light/pico/pico-sdk/src/common/pico_util/pheap.c.obj
LOAD CMakeFiles/PIO_SR04.dir/home/light/pico/pico-sdk/src/common/pico_util/queue.c.obj
LOAD CMakeFiles/PIO_SR04.dir/home/light/pico/pico-sdk/src/rp2_common/pico_runtime/runtime.c.obj
LOAD CMakeFiles/PIO_SR04.dir/home/light/pico/pico-sdk/src/rp2_common/hardware_clocks/clocks.c.obj
LOAD CMakeFiles/PIO_SR04.dir/home/light/pico/pico-sdk/src/rp2_common/hardware_irq/irq.c.obj
LOAD CMakeFiles/PIO_SR04.dir/home/light/pico/pico-sdk/src/rp2_common/hardware_irq/irq_handler_chain.S.obj
LOAD CMakeFiles/PIO_SR04.dir/home/light/pico/pico-sdk/src/rp2_common/hardware_pll/pll.c.obj
LOAD CMakeFiles/PIO_SR04.dir/home/light/pico/pico-sdk/src/rp2_common/hardware_vreg/vreg.c.obj
LOAD CMakeFiles/PIO_SR04.dir/home/light/pico/pico-sdk/src/rp2_common/hardware_watchdog/watchdog.c.obj
LOAD CMakeFiles/PIO_SR04.dir/home/light/pico/pico-sdk/src/rp2_common/hardware_xosc/xosc.c.obj
LOAD CMakeFiles/PIO_SR04.dir/home/light/pico/pico-sdk/src/rp2_common/pico_printf/printf.c.obj
LOAD CMakeFiles/PIO_SR04.dir/home/light/pico/pico-sdk/src/rp2_common/pico_bit_ops/bit_ops_aeabi.S.obj
LOAD CMakeFiles/PIO_SR04.dir/home/light/pico/pico-sdk/src/rp2_common/pico_bootrom/bootrom.c.obj
LOAD CMakeFiles/PIO_SR04.dir/home/light/pico/pico-sdk/src/rp2_common/pico_divider/divider.S.obj
LOAD CMakeFiles/PIO_SR04.dir/home/light/pico/pico-sdk/src/rp2_common/pico_double/double_aeabi.S.obj
LOAD CMakeFiles/PIO_SR04.dir/home/light/pico/pico-sdk/src/rp2_common/pico_double/double_init_rom.c.obj
LOAD CMakeFiles/PIO_SR04.dir/home/light/pico/pico-sdk/src/rp2_common/pico_double/double_math.c.obj
LOAD CMakeFiles/PIO_SR04.dir/home/light/pico/pico-sdk/src/rp2_common/pico_double/double_v1_rom_shim.S.obj
LOAD CMakeFiles/PIO_SR04.dir/home/light/pico/pico-sdk/src/rp2_common/pico_int64_ops/pico_int64_ops_aeabi.S.obj
LOAD CMakeFiles/PIO_SR04.dir/home/light/pico/pico-sdk/src/rp2_common/pico_float/float_aeabi.S.obj
LOAD CMakeFiles/PIO_SR04.dir/home/light/pico/pico-sdk/src/rp2_common/pico_float/float_init_rom.c.obj
LOAD CMakeFiles/PIO_SR04.dir/home/light/pico/pico-sdk/src/rp2_common/pico_float/float_math.c.obj
LOAD CMakeFiles/PIO_SR04.dir/home/light/pico/pico-sdk/src/rp2_common/pico_float/float_v1_rom_shim.S.obj
LOAD CMakeFiles/PIO_SR04.dir/home/light/pico/pico-sdk/src/rp2_common/pico_malloc/pico_malloc.c.obj
LOAD CMakeFiles/PIO_SR04.dir/home/light/pico/pico-sdk/src/rp2_common/pico_mem_ops/mem_ops_aeabi.S.obj
LOAD CMakeFiles/PIO_SR04.dir/home/light/pico/pico-sdk/src/rp2_common/pico_standard_link/crt0.S.obj
LOAD CMakeFiles/PIO_SR04.dir/home/light/pico/pico-sdk/src/rp2_common/pico_standard_link/new_delete.cpp.obj
LOAD CMakeFiles/PIO_SR04.dir/home/light/pico/pico-sdk/src/rp2_common/pico_standard_link/binary_info.c.obj
LOAD CMakeFiles/PIO_SR04.dir/home/light/pico/pico-sdk/src/rp2_common/pico_stdio/stdio.c.obj
LOAD CMakeFiles/PIO_SR04.dir/home/light/pico/pico-sdk/src/rp2_common/pico_stdio_uart/stdio_uart.c.obj
LOAD CMakeFiles/PIO_SR04.dir/home/light/pico/pico-sdk/src/rp2_common/hardware_pio/pio.c.obj
LOAD /tmp/ccWxbtUp.o
LOAD /usr/lib/gcc/arm-none-eabi/10.3.1/../../../arm-none-eabi/lib/thumb/v6-m/nofp/libstdc++.a
LOAD /usr/lib/gcc/arm-none-eabi/10.3.1/../../../arm-none-eabi/lib/thumb/v6-m/nofp/libm.a
START GROUP
LOAD /usr/lib/gcc/arm-none-eabi/10.3.1/thumb/v6-m/nofp/libgcc.a
LOAD /usr/lib/gcc/arm-none-eabi/10.3.1/../../../arm-none-eabi/lib/thumb/v6-m/nofp/libg.a
LOAD /usr/lib/gcc/arm-none-eabi/10.3.1/../../../arm-none-eabi/lib/thumb/v6-m/nofp/libc.a
END GROUP
START GROUP
LOAD /usr/lib/gcc/arm-none-eabi/10.3.1/thumb/v6-m/nofp/libgcc.a
LOAD /usr/lib/gcc/arm-none-eabi/10.3.1/../../../arm-none-eabi/lib/thumb/v6-m/nofp/libc.a
LOAD /usr/lib/gcc/arm-none-eabi/10.3.1/../../../arm-none-eabi/lib/thumb/v6-m/nofp/libnosys.a
END GROUP
LOAD /usr/lib/gcc/arm-none-eabi/10.3.1/thumb/v6-m/nofp/crtend.o
LOAD /usr/lib/gcc/arm-none-eabi/10.3.1/thumb/v6-m/nofp/crtn.o
OUTPUT(PIO_SR04.elf elf32-littlearm)
LOAD linker stubs

.ARM.attributes
                0x0000000000000000       0x28
 .ARM.attributes
                0x0000000000000000       0x1e /usr/lib/gcc/arm-none-eabi/10.3.1/thumb/v6-m/nofp/crti.o
 .ARM.attributes
                0x000000000000001e       0x2c /usr/lib/gcc/arm-none-eabi/10.3.1/thumb/v6-m/nofp/crtbegin.o
 .ARM.attributes
                0x000000000000004a       0x2c CMakeFiles/PIO_SR04.dir/main.c.obj
 .ARM.attributes
                0x0000000000000076       0x2c CMakeFiles/PIO_SR04.dir/home/light/pico/pico-sdk/src/rp2_common/hardware_gpio/gpio.c.obj
 .ARM.attributes
                0x00000000000000a2       0x2c CMakeFiles/PIO_SR04.dir/home/light/pico/pico-sdk/src/rp2_common/hardware_claim/claim.c.obj
 .ARM.attributes
                0x00000000000000ce       0x2c CMakeFiles/PIO_SR04.dir/home/light/pico/pico-sdk/src/rp2_common/pico_platform/platform.c.obj
 .ARM.attributes
                0x00000000000000fa       0x2c CMakeFiles/PIO_SR04.dir/home/light/pico/pico-sdk/src/rp2_common/hardware_sync/sync.c.obj
 .ARM.attributes
                0x0000000000000126       0x2c CMakeFiles/PIO_SR04.dir/home/light/pico/pico-sdk/src/common/pico_time/time.c.obj
 .ARM.attributes
                0x0000000000000152       0x2c CMakeFiles/PIO_SR04.dir/home/light/pico/pico-sdk/src/rp2_common/hardware_timer/timer.c.obj
 .ARM.attributes
                0x000000000000017e       0x2c CMakeFiles/PIO_SR04.dir/home/light/pico/pico-sdk/src/common/pico_sync/lock_core.c.obj
 .ARM.attributes
                0x00000000000001aa       0x2c CMakeFiles/PIO_SR04.dir/home/light/pico/pico-sdk/src/common/pico_sync/mutex.c.obj
 .ARM.attributes
                0x00000000000001d6       0x2c CMakeFiles/PIO_SR04.dir/home/light/pico/pico-sdk/src/common/pico_util/pheap.c.obj
 .ARM.attributes
                0x0000000000000202       0x2c CMakeFiles/PIO_SR04.dir/home/light/pico/pico-sdk/src/rp2_common/pico_runtime/runtime.c.obj
 .ARM.attributes
                0x000000000000022e       0x2c CMakeFiles/PIO_SR04.dir/home/light/pico/pico-sdk/src/rp2_common/hardware_clocks/clocks.c.obj
 .ARM.attributes
                0x000000000000025a       0x2c CMakeFiles/PIO_SR04.dir/home/light/pico/pico-sdk/src/rp2_common/hardware_irq/irq.c.obj
 .ARM.attributes
                0x0000000000000286       0x22 CMakeFiles/PIO_SR04.dir/home/light/pico/pico-sdk/src/rp2_common/hardware_irq/irq_handler_chain.S.obj
 .ARM.attributes
                0x00000000000002a8       0x2c CMakeFiles/PIO_SR04.dir/home/light/pico/pico-sdk/src/rp2_common/hardware_pll/pll.c.obj
 .ARM.attributes
                0x00000000000002d4       0x2c CMakeFiles/PIO_SR04.dir/home/light/pico/pico-sdk/src/rp2_common/hardware_watchdog/watchdog.c.obj
 .ARM.attributes
                0x0000000000000300       0x2c CMakeFiles/PIO_SR04.dir/home/light/pico/pico-sdk/src/rp2_common/hardware_xosc/xosc.c.obj
 .ARM.attributes
                0x000000000000032c       0x2c CMakeFiles/PIO_SR04.dir/home/light/pico/pico-sdk/src/rp2_common/pico_printf/printf.c.obj
 .ARM.attributes
                0x0000000000000358       0x22 CMakeFiles/PIO_SR04.dir/home/light/pico/pico-sdk/src/rp2_common/pico_bit_ops/bit_ops_aeabi.S.obj
 .ARM.attributes
                0x000000000000037a       0x2c CMakeFiles/PIO_SR04.dir/home/light/pico/pico-sdk/src/rp2_common/pico_bootrom/bootrom.c.obj
 .ARM.attributes
                0x00000000000003a6       0x22 CMakeFiles/PIO_SR04.dir/home/light/pico/pico-sdk/src/rp2_common/pico_divider/divider.S.obj
 .ARM.attributes
                0x00000000000003c8       0x22 CMakeFiles/PIO_SR04.dir/home/light/pico/pico-sdk/src/rp2_common/pico_double/double_aeabi.S.obj
 .ARM.attributes
                0x00000000000003ea       0x2c CMakeFiles/PIO_SR04.dir/home/light/pico/pico-sdk/src/rp2_common/pico_double/double_init_rom.c.obj
 .ARM.attributes
                0x0000000000000416       0x22 CMakeFiles/PIO_SR04.dir/home/light/pico/pico-sdk/src/rp2_common/pico_double/double_v1_rom_shim.S.obj
 .ARM.attributes
                0x0000000000000438       0x22 CMakeFiles/PIO_SR04.dir/home/light/pico/pico-sdk/src/rp2_common/pico_int64_ops/pico_int64_ops_aeabi.S.obj
 .ARM.attributes
                0x000000000000045a       0x22 CMakeFiles/PIO_SR04.dir/home/light/pico/pico-sdk/src/rp2_common/pico_float/float_aeabi.S.obj
 .ARM.attributes
                0x000000000000047c       0x2c CMakeFiles/PIO_SR04.dir/home/light/pico/pico-sdk/src/rp2_common/pico_float/float_init_rom.c.obj
 .ARM.attributes
                0x00000000000004a8       0x22 CMakeFiles/PIO_SR04.dir/home/light/pico/pico-sdk/src/rp2_common/pico_float/float_v1_rom_shim.S.obj
 .ARM.attributes
                0x00000000000004ca       0x22 CMakeFiles/PIO_SR04.dir/home/light/pico/pico-sdk/src/rp2_common/pico_mem_ops/mem_ops_aeabi.S.obj
 .ARM.attributes
                0x00000000000004ec       0x22 CMakeFiles/PIO_SR04.dir/home/light/pico/pico-sdk/src/rp2_common/pico_standard_link/crt0.S.obj
 .ARM.attributes
                0x000000000000050e       0x32 CMakeFiles/PIO_SR04.dir/home/light/pico/pico-sdk/src/rp2_common/pico_standard_link/binary_info.c.obj
 .ARM.attributes
                0x0000000000000540       0x2c CMakeFiles/PIO_SR04.dir/home/light/pico/pico-sdk/src/rp2_common/pico_stdio/stdio.c.obj
 .ARM.attributes
                0x000000000000056c       0x2c CMakeFiles/PIO_SR04.dir/home/light/pico/pico-sdk/src/rp2_common/hardware_pio/pio.c.obj
 .ARM.attributes
                0x0000000000000598       0x22 /tmp/ccWxbtUp.o
 .ARM.attributes
                0x00000000000005ba       0x1e /usr/lib/gcc/arm-none-eabi/10.3.1/thumb/v6-m/nofp/libgcc.a(_dvmd_tls.o)
 .ARM.attributes
                0x00000000000005d8       0x2c /usr/lib/gcc/arm-none-eabi/10.3.1/../../../arm-none-eabi/lib/thumb/v6-m/nofp/libg.a(lib_a-strlen-stub.o)
 .ARM.attributes
                0x0000000000000604       0x2c /usr/lib/gcc/arm-none-eabi/10.3.1/thumb/v6-m/nofp/crtend.o

.comment        0x0000000000000000       0x33
 .comment       0x0000000000000000       0x33 /usr/lib/gcc/arm-none-eabi/10.3.1/thumb/v6-m/nofp/crtbegin.o
                                         0x34 (size before relaxing)
 .comment       0x0000000000000033       0x34 CMakeFiles/PIO_SR04.dir/main.c.obj
 .comment       0x0000000000000033       0x34 CMakeFiles/PIO_SR04.dir/home/light/pico/pico-sdk/src/rp2_common/hardware_gpio/gpio.c.obj
 .comment       0x0000000000000033       0x34 CMakeFiles/PIO_SR04.dir/home/light/pico/pico-sdk/src/rp2_common/hardware_claim/claim.c.obj
 .comment       0x0000000000000033       0x34 CMakeFiles/PIO_SR04.dir/home/light/pico/pico-sdk/src/rp2_common/pico_platform/platform.c.obj
 .comment       0x0000000000000033       0x34 CMakeFiles/PIO_SR04.dir/home/light/pico/pico-sdk/src/rp2_common/hardware_sync/sync.c.obj
 .comment       0x0000000000000033       0x34 CMakeFiles/PIO_SR04.dir/home/light/pico/pico-sdk/src/common/pico_time/time.c.obj
 .comment       0x0000000000000033       0x34 CMakeFiles/PIO_SR04.dir/home/light/pico/pico-sdk/src/rp2_common/hardware_timer/timer.c.obj
 .comment       0x0000000000000033       0x34 CMakeFiles/PIO_SR04.dir/home/light/pico/pico-sdk/src/common/pico_sync/lock_core.c.obj
 .comment       0x0000000000000033       0x34 CMakeFiles/PIO_SR04.dir/home/light/pico/pico-sdk/src/common/pico_sync/mutex.c.obj
 .comment       0x0000000000000033       0x34 CMakeFiles/PIO_SR04.dir/home/light/pico/pico-sdk/src/common/pico_util/pheap.c.obj
 .comment       0x0000000000000033       0x34 CMakeFiles/PIO_SR04.dir/home/light/pico/pico-sdk/src/rp2_common/pico_runtime/runtime.c.obj
 .comment       0x0000000000000033       0x34 CMakeFiles/PIO_SR04.dir/home/light/pico/pico-sdk/src/rp2_common/hardware_clocks/clocks.c.obj
 .comment       0x0000000000000033       0x34 CMakeFiles/PIO_SR04.dir/home/light/pico/pico-sdk/src/rp2_common/hardware_irq/irq.c.obj
 .comment       0x0000000000000033       0x34 CMakeFiles/PIO_SR04.dir/home/light/pico/pico-sdk/src/rp2_common/hardware_pll/pll.c.obj
 .comment       0x0000000000000033       0x34 CMakeFiles/PIO_SR04.dir/home/light/pico/pico-sdk/src/rp2_common/hardware_watchdog/watchdog.c.obj
 .comment       0x0000000000000033       0x34 CMakeFiles/PIO_SR04.dir/home/light/pico/pico-sdk/src/rp2_common/hardware_xosc/xosc.c.obj
 .comment       0x0000000000000033       0x34 CMakeFiles/PIO_SR04.dir/home/light/pico/pico-sdk/src/rp2_common/pico_printf/printf.c.obj
 .comment       0x0000000000000033       0x34 CMakeFiles/PIO_SR04.dir/home/light/pico/pico-sdk/src/rp2_common/pico_bootrom/bootrom.c.obj
 .comment       0x0000000000000033       0x34 CMakeFiles/PIO_SR04.dir/home/light/pico/pico-sdk/src/rp2_common/pico_double/double_init_rom.c.obj
 .comment       0x0000000000000033       0x34 CMakeFiles/PIO_SR04.dir/home/light/pico/pico-sdk/src/rp2_common/pico_float/float_init_rom.c.obj
 .comment       0x0000000000000033       0x34 CMakeFiles/PIO_SR04.dir/home/light/pico/pico-sdk/src/rp2_common/pico_standard_link/binary_info.c.obj
 .comment       0x0000000000000033       0x34 CMakeFiles/PIO_SR04.dir/home/light/pico/pico-sdk/src/rp2_common/pico_stdio/stdio.c.obj
 .comment       0x0000000000000033       0x34 CMakeFiles/PIO_SR04.dir/home/light/pico/pico-sdk/src/rp2_common/hardware_pio/pio.c.obj
 .comment       0x0000000000000033       0x34 /usr/lib/gcc/arm-none-eabi/10.3.1/../../../arm-none-eabi/lib/thumb/v6-m/nofp/libg.a(lib_a-strlen-stub.o)
 .comment       0x0000000000000033       0x34 /usr/lib/gcc/arm-none-eabi/10.3.1/thumb/v6-m/nofp/crtend.o

.debug_info     0x0000000000000000    0x14908
 .debug_info    0x0000000000000000      0xe27 CMakeFiles/PIO_SR04.dir/main.c.obj
 .debug_info    0x0000000000000e27     0x14ba CMakeFiles/PIO_SR04.dir/home/light/pico/pico-sdk/src/rp2_common/hardware_gpio/gpio.c.obj
 .debug_info    0x00000000000022e1      0x6a3 CMakeFiles/PIO_SR04.dir/home/light/pico/pico-sdk/src/rp2_common/hardware_claim/claim.c.obj
 .debug_info    0x0000000000002984      0x1cb CMakeFiles/PIO_SR04.dir/home/light/pico/pico-sdk/src/rp2_common/pico_platform/platform.c.obj
 .debug_info    0x0000000000002b4f      0x576 CMakeFiles/PIO_SR04.dir/home/light/pico/pico-sdk/src/rp2_common/hardware_sync/sync.c.obj
 .debug_info    0x00000000000030c5     0x3aff CMakeFiles/PIO_SR04.dir/home/light/pico/pico-sdk/src/common/pico_time/time.c.obj
 .debug_info    0x0000000000006bc4     0x10f8 CMakeFiles/PIO_SR04.dir/home/light/pico/pico-sdk/src/rp2_common/hardware_timer/timer.c.obj
 .debug_info    0x0000000000007cbc      0x198 CMakeFiles/PIO_SR04.dir/home/light/pico/pico-sdk/src/common/pico_sync/lock_core.c.obj
 .debug_info    0x0000000000007e54     0x1ff2 CMakeFiles/PIO_SR04.dir/home/light/pico/pico-sdk/src/common/pico_sync/mutex.c.obj
 .debug_info    0x0000000000009e46     0x120c CMakeFiles/PIO_SR04.dir/home/light/pico/pico-sdk/src/common/pico_util/pheap.c.obj
 .debug_info    0x000000000000b052      0xa87 CMakeFiles/PIO_SR04.dir/home/light/pico/pico-sdk/src/rp2_common/pico_runtime/runtime.c.obj
 .debug_info    0x000000000000bad9      0xf3c CMakeFiles/PIO_SR04.dir/home/light/pico/pico-sdk/src/rp2_common/hardware_clocks/clocks.c.obj
 .debug_info    0x000000000000ca15     0x190b CMakeFiles/PIO_SR04.dir/home/light/pico/pico-sdk/src/rp2_common/hardware_irq/irq.c.obj
 .debug_info    0x000000000000e320      0x503 CMakeFiles/PIO_SR04.dir/home/light/pico/pico-sdk/src/rp2_common/hardware_pll/pll.c.obj
 .debug_info    0x000000000000e823      0x4ee CMakeFiles/PIO_SR04.dir/home/light/pico/pico-sdk/src/rp2_common/hardware_watchdog/watchdog.c.obj
 .debug_info    0x000000000000ed11      0x1c0 CMakeFiles/PIO_SR04.dir/home/light/pico/pico-sdk/src/rp2_common/hardware_xosc/xosc.c.obj
 .debug_info    0x000000000000eed1     0x1a47 CMakeFiles/PIO_SR04.dir/home/light/pico/pico-sdk/src/rp2_common/pico_printf/printf.c.obj
 .debug_info    0x0000000000010918       0x22 CMakeFiles/PIO_SR04.dir/home/light/pico/pico-sdk/src/rp2_common/pico_bit_ops/bit_ops_aeabi.S.obj
 .debug_info    0x000000000001093a      0x258 CMakeFiles/PIO_SR04.dir/home/light/pico/pico-sdk/src/rp2_common/pico_bootrom/bootrom.c.obj
 .debug_info    0x0000000000010b92       0x22 CMakeFiles/PIO_SR04.dir/home/light/pico/pico-sdk/src/rp2_common/pico_divider/divider.S.obj
 .debug_info    0x0000000000010bb4       0x22 CMakeFiles/PIO_SR04.dir/home/light/pico/pico-sdk/src/rp2_common/pico_double/double_aeabi.S.obj
 .debug_info    0x0000000000010bd6      0x2a1 CMakeFiles/PIO_SR04.dir/home/light/pico/pico-sdk/src/rp2_common/pico_double/double_init_rom.c.obj
 .debug_info    0x0000000000010e77       0x22 CMakeFiles/PIO_SR04.dir/home/light/pico/pico-sdk/src/rp2_common/pico_double/double_v1_rom_shim.S.obj
 .debug_info    0x0000000000010e99       0x26 CMakeFiles/PIO_SR04.dir/home/light/pico/pico-sdk/src/rp2_common/pico_int64_ops/pico_int64_ops_aeabi.S.obj
 .debug_info    0x0000000000010ebf       0x22 CMakeFiles/PIO_SR04.dir/home/light/pico/pico-sdk/src/rp2_common/pico_float/float_aeabi.S.obj
 .debug_info    0x0000000000010ee1      0x2bb CMakeFiles/PIO_SR04.dir/home/light/pico/pico-sdk/src/rp2_common/pico_float/float_init_rom.c.obj
 .debug_info    0x000000000001119c       0x22 CMakeFiles/PIO_SR04.dir/home/light/pico/pico-sdk/src/rp2_common/pico_float/float_v1_rom_shim.S.obj
 .debug_info    0x00000000000111be       0x22 CMakeFiles/PIO_SR04.dir/home/light/pico/pico-sdk/src/rp2_common/pico_mem_ops/mem_ops_aeabi.S.obj
 .debug_info    0x00000000000111e0       0x22 CMakeFiles/PIO_SR04.dir/home/light/pico/pico-sdk/src/rp2_common/pico_standard_link/crt0.S.obj
 .debug_info    0x0000000000011202      0x2c6 CMakeFiles/PIO_SR04.dir/home/light/pico/pico-sdk/src/rp2_common/pico_standard_link/binary_info.c.obj
 .debug_info    0x00000000000114c8     0x12d5 CMakeFiles/PIO_SR04.dir/home/light/pico/pico-sdk/src/rp2_common/pico_stdio/stdio.c.obj
 .debug_info    0x000000000001279d     0x2057 CMakeFiles/PIO_SR04.dir/home/light/pico/pico-sdk/src/rp2_common/hardware_pio/pio.c.obj
 .debug_info    0x00000000000147f4       0x26 /usr/lib/gcc/arm-none-eabi/10.3.1/thumb/v6-m/nofp/libgcc.a(_dvmd_tls.o)
 .debug_info    0x000000000001481a       0xee /usr/lib/gcc/arm-none-eabi/10.3.1/../../../arm-none-eabi/lib/thumb/v6-m/nofp/libg.a(lib_a-strlen-stub.o)

.debug_abbrev   0x0000000000000000     0x400b
 .debug_abbrev  0x0000000000000000      0x3dc CMakeFiles/PIO_SR04.dir/main.c.obj
 .debug_abbrev  0x00000000000003dc      0x2c4 CMakeFiles/PIO_SR04.dir/home/light/pico/pico-sdk/src/rp2_common/hardware_gpio/gpio.c.obj
 .debug_abbrev  0x00000000000006a0      0x2e9 CMakeFiles/PIO_SR04.dir/home/light/pico/pico-sdk/src/rp2_common/hardware_claim/claim.c.obj
 .debug_abbrev  0x0000000000000989       0xeb CMakeFiles/PIO_SR04.dir/home/light/pico/pico-sdk/src/rp2_common/pico_platform/platform.c.obj
 .debug_abbrev  0x0000000000000a74      0x21b CMakeFiles/PIO_SR04.dir/home/light/pico/pico-sdk/src/rp2_common/hardware_sync/sync.c.obj
 .debug_abbrev  0x0000000000000c8f      0x54d CMakeFiles/PIO_SR04.dir/home/light/pico/pico-sdk/src/common/pico_time/time.c.obj
 .debug_abbrev  0x00000000000011dc      0x3a2 CMakeFiles/PIO_SR04.dir/home/light/pico/pico-sdk/src/rp2_common/hardware_timer/timer.c.obj
 .debug_abbrev  0x000000000000157e      0x116 CMakeFiles/PIO_SR04.dir/home/light/pico/pico-sdk/src/common/pico_sync/lock_core.c.obj
 .debug_abbrev  0x0000000000001694      0x386 CMakeFiles/PIO_SR04.dir/home/light/pico/pico-sdk/src/common/pico_sync/mutex.c.obj
 .debug_abbrev  0x0000000000001a1a      0x297 CMakeFiles/PIO_SR04.dir/home/light/pico/pico-sdk/src/common/pico_util/pheap.c.obj
 .debug_abbrev  0x0000000000001cb1      0x3aa CMakeFiles/PIO_SR04.dir/home/light/pico/pico-sdk/src/rp2_common/pico_runtime/runtime.c.obj
 .debug_abbrev  0x000000000000205b      0x3a5 CMakeFiles/PIO_SR04.dir/home/light/pico/pico-sdk/src/rp2_common/hardware_clocks/clocks.c.obj
 .debug_abbrev  0x0000000000002400      0x4cd CMakeFiles/PIO_SR04.dir/home/light/pico/pico-sdk/src/rp2_common/hardware_irq/irq.c.obj
 .debug_abbrev  0x00000000000028cd      0x1ea CMakeFiles/PIO_SR04.dir/home/light/pico/pico-sdk/src/rp2_common/hardware_pll/pll.c.obj
 .debug_abbrev  0x0000000000002ab7      0x1a8 CMakeFiles/PIO_SR04.dir/home/light/pico/pico-sdk/src/rp2_common/hardware_watchdog/watchdog.c.obj
 .debug_abbrev  0x0000000000002c5f      0x109 CMakeFiles/PIO_SR04.dir/home/light/pico/pico-sdk/src/rp2_common/hardware_xosc/xosc.c.obj
 .debug_abbrev  0x0000000000002d68      0x384 CMakeFiles/PIO_SR04.dir/home/light/pico/pico-sdk/src/rp2_common/pico_printf/printf.c.obj
 .debug_abbrev  0x00000000000030ec       0x12 CMakeFiles/PIO_SR04.dir/home/light/pico/pico-sdk/src/rp2_common/pico_bit_ops/bit_ops_aeabi.S.obj
 .debug_abbrev  0x00000000000030fe      0x13b CMakeFiles/PIO_SR04.dir/home/light/pico/pico-sdk/src/rp2_common/pico_bootrom/bootrom.c.obj
 .debug_abbrev  0x0000000000003239       0x12 CMakeFiles/PIO_SR04.dir/home/light/pico/pico-sdk/src/rp2_common/pico_divider/divider.S.obj
 .debug_abbrev  0x000000000000324b       0x12 CMakeFiles/PIO_SR04.dir/home/light/pico/pico-sdk/src/rp2_common/pico_double/double_aeabi.S.obj
 .debug_abbrev  0x000000000000325d      0x179 CMakeFiles/PIO_SR04.dir/home/light/pico/pico-sdk/src/rp2_common/pico_double/double_init_rom.c.obj
 .debug_abbrev  0x00000000000033d6       0x12 CMakeFiles/PIO_SR04.dir/home/light/pico/pico-sdk/src/rp2_common/pico_double/double_v1_rom_shim.S.obj
 .debug_abbrev  0x00000000000033e8       0x14 CMakeFiles/PIO_SR04.dir/home/light/pico/pico-sdk/src/rp2_common/pico_int64_ops/pico_int64_ops_aeabi.S.obj
 .debug_abbrev  0x00000000000033fc       0x12 CMakeFiles/PIO_SR04.dir/home/light/pico/pico-sdk/src/rp2_common/pico_float/float_aeabi.S.obj
 .debug_abbrev  0x000000000000340e      0x18c CMakeFiles/PIO_SR04.dir/home/light/pico/pico-sdk/src/rp2_common/pico_float/float_init_rom.c.obj
 .debug_abbrev  0x000000000000359a       0x12 CMakeFiles/PIO_SR04.dir/home/light/pico/pico-sdk/src/rp2_common/pico_float/float_v1_rom_shim.S.obj
 .debug_abbrev  0x00000000000035ac       0x12 CMakeFiles/PIO_SR04.dir/home/light/pico/pico-sdk/src/rp2_common/pico_mem_ops/mem_ops_aeabi.S.obj
 .debug_abbrev  0x00000000000035be       0x12 CMakeFiles/PIO_SR04.dir/home/light/pico/pico-sdk/src/rp2_common/pico_standard_link/crt0.S.obj
 .debug_abbrev  0x00000000000035d0       0xad CMakeFiles/PIO_SR04.dir/home/light/pico/pico-sdk/src/rp2_common/pico_standard_link/binary_info.c.obj
 .debug_abbrev  0x000000000000367d      0x4a7 CMakeFiles/PIO_SR04.dir/home/light/pico/pico-sdk/src/rp2_common/pico_stdio/stdio.c.obj
 .debug_abbrev  0x0000000000003b24      0x444 CMakeFiles/PIO_SR04.dir/home/light/pico/pico-sdk/src/rp2_common/hardware_pio/pio.c.obj
 .debug_abbrev  0x0000000000003f68       0x14 /usr/lib/gcc/arm-none-eabi/10.3.1/thumb/v6-m/nofp/libgcc.a(_dvmd_tls.o)
 .debug_abbrev  0x0000000000003f7c       0x8f /usr/lib/gcc/arm-none-eabi/10.3.1/../../../arm-none-eabi/lib/thumb/v6-m/nofp/libg.a(lib_a-strlen-stub.o)

.debug_loc      0x0000000000000000     0xe9d4
 .debug_loc     0x0000000000000000      0x519 CMakeFiles/PIO_SR04.dir/main.c.obj
 .debug_loc     0x0000000000000519      0xf03 CMakeFiles/PIO_SR04.dir/home/light/pico/pico-sdk/src/rp2_common/hardware_gpio/gpio.c.obj
 .debug_loc     0x000000000000141c      0x45f CMakeFiles/PIO_SR04.dir/home/light/pico/pico-sdk/src/rp2_common/hardware_claim/claim.c.obj
 .debug_loc     0x000000000000187b       0xe9 CMakeFiles/PIO_SR04.dir/home/light/pico/pico-sdk/src/rp2_common/pico_platform/platform.c.obj
 .debug_loc     0x0000000000001964      0x233 CMakeFiles/PIO_SR04.dir/home/light/pico/pico-sdk/src/rp2_common/hardware_sync/sync.c.obj
 .debug_loc     0x0000000000001b97     0x2e2a CMakeFiles/PIO_SR04.dir/home/light/pico/pico-sdk/src/common/pico_time/time.c.obj
 .debug_loc     0x00000000000049c1      0x952 CMakeFiles/PIO_SR04.dir/home/light/pico/pico-sdk/src/rp2_common/hardware_timer/timer.c.obj
 .debug_loc     0x0000000000005313       0x60 CMakeFiles/PIO_SR04.dir/home/light/pico/pico-sdk/src/common/pico_sync/lock_core.c.obj
 .debug_loc     0x0000000000005373     0x1469 CMakeFiles/PIO_SR04.dir/home/light/pico/pico-sdk/src/common/pico_sync/mutex.c.obj
 .debug_loc     0x00000000000067dc     0x1439 CMakeFiles/PIO_SR04.dir/home/light/pico/pico-sdk/src/common/pico_util/pheap.c.obj
 .debug_loc     0x0000000000007c15      0x3ff CMakeFiles/PIO_SR04.dir/home/light/pico/pico-sdk/src/rp2_common/pico_runtime/runtime.c.obj
 .debug_loc     0x0000000000008014      0x7eb CMakeFiles/PIO_SR04.dir/home/light/pico/pico-sdk/src/rp2_common/hardware_clocks/clocks.c.obj
 .debug_loc     0x00000000000087ff     0x123b CMakeFiles/PIO_SR04.dir/home/light/pico/pico-sdk/src/rp2_common/hardware_irq/irq.c.obj
 .debug_loc     0x0000000000009a3a      0x315 CMakeFiles/PIO_SR04.dir/home/light/pico/pico-sdk/src/rp2_common/hardware_pll/pll.c.obj
 .debug_loc     0x0000000000009d4f      0x2ec CMakeFiles/PIO_SR04.dir/home/light/pico/pico-sdk/src/rp2_common/hardware_watchdog/watchdog.c.obj
 .debug_loc     0x000000000000a03b       0x71 CMakeFiles/PIO_SR04.dir/home/light/pico/pico-sdk/src/rp2_common/hardware_xosc/xosc.c.obj
 .debug_loc     0x000000000000a0ac     0x2095 CMakeFiles/PIO_SR04.dir/home/light/pico/pico-sdk/src/rp2_common/pico_printf/printf.c.obj
 .debug_loc     0x000000000000c141      0x1a1 CMakeFiles/PIO_SR04.dir/home/light/pico/pico-sdk/src/rp2_common/pico_bootrom/bootrom.c.obj
 .debug_loc     0x000000000000c2e2       0x59 CMakeFiles/PIO_SR04.dir/home/light/pico/pico-sdk/src/rp2_common/pico_double/double_init_rom.c.obj
 .debug_loc     0x000000000000c33b       0x73 CMakeFiles/PIO_SR04.dir/home/light/pico/pico-sdk/src/rp2_common/pico_float/float_init_rom.c.obj
 .debug_loc     0x000000000000c3ae      0xb5b CMakeFiles/PIO_SR04.dir/home/light/pico/pico-sdk/src/rp2_common/pico_stdio/stdio.c.obj
 .debug_loc     0x000000000000cf09     0x1a3b CMakeFiles/PIO_SR04.dir/home/light/pico/pico-sdk/src/rp2_common/hardware_pio/pio.c.obj
 .debug_loc     0x000000000000e944       0x90 /usr/lib/gcc/arm-none-eabi/10.3.1/../../../arm-none-eabi/lib/thumb/v6-m/nofp/libg.a(lib_a-strlen-stub.o)

.debug_aranges  0x0000000000000000      0xde0
 .debug_aranges
                0x0000000000000000       0x28 CMakeFiles/PIO_SR04.dir/main.c.obj
 .debug_aranges
                0x0000000000000028       0xe0 CMakeFiles/PIO_SR04.dir/home/light/pico/pico-sdk/src/rp2_common/hardware_gpio/gpio.c.obj
 .debug_aranges
                0x0000000000000108       0x48 CMakeFiles/PIO_SR04.dir/home/light/pico/pico-sdk/src/rp2_common/hardware_claim/claim.c.obj
 .debug_aranges
                0x0000000000000150       0x28 CMakeFiles/PIO_SR04.dir/home/light/pico/pico-sdk/src/rp2_common/pico_platform/platform.c.obj
 .debug_aranges
                0x0000000000000178       0x58 CMakeFiles/PIO_SR04.dir/home/light/pico/pico-sdk/src/rp2_common/hardware_sync/sync.c.obj
 .debug_aranges
                0x00000000000001d0       0xd0 CMakeFiles/PIO_SR04.dir/home/light/pico/pico-sdk/src/common/pico_time/time.c.obj
 .debug_aranges
                0x00000000000002a0       0x78 CMakeFiles/PIO_SR04.dir/home/light/pico/pico-sdk/src/rp2_common/hardware_timer/timer.c.obj
 .debug_aranges
                0x0000000000000318       0x20 CMakeFiles/PIO_SR04.dir/home/light/pico/pico-sdk/src/common/pico_sync/lock_core.c.obj
 .debug_aranges
                0x0000000000000338       0x88 CMakeFiles/PIO_SR04.dir/home/light/pico/pico-sdk/src/common/pico_sync/mutex.c.obj
 .debug_aranges
                0x00000000000003c0       0x78 CMakeFiles/PIO_SR04.dir/home/light/pico/pico-sdk/src/common/pico_util/pheap.c.obj
 .debug_aranges
                0x0000000000000438       0x60 CMakeFiles/PIO_SR04.dir/home/light/pico/pico-sdk/src/rp2_common/pico_runtime/runtime.c.obj
 .debug_aranges
                0x0000000000000498       0x70 CMakeFiles/PIO_SR04.dir/home/light/pico/pico-sdk/src/rp2_common/hardware_clocks/clocks.c.obj
 .debug_aranges
                0x0000000000000508       0x98 CMakeFiles/PIO_SR04.dir/home/light/pico/pico-sdk/src/rp2_common/hardware_irq/irq.c.obj
 .debug_aranges
                0x00000000000005a0       0x28 CMakeFiles/PIO_SR04.dir/home/light/pico/pico-sdk/src/rp2_common/hardware_pll/pll.c.obj
 .debug_aranges
                0x00000000000005c8       0x58 CMakeFiles/PIO_SR04.dir/home/light/pico/pico-sdk/src/rp2_common/hardware_watchdog/watchdog.c.obj
 .debug_aranges
                0x0000000000000620       0x30 CMakeFiles/PIO_SR04.dir/home/light/pico/pico-sdk/src/rp2_common/hardware_xosc/xosc.c.obj
 .debug_aranges
                0x0000000000000650       0x90 CMakeFiles/PIO_SR04.dir/home/light/pico/pico-sdk/src/rp2_common/pico_printf/printf.c.obj
 .debug_aranges
                0x00000000000006e0       0x68 CMakeFiles/PIO_SR04.dir/home/light/pico/pico-sdk/src/rp2_common/pico_bit_ops/bit_ops_aeabi.S.obj
 .debug_aranges
                0x0000000000000748       0x30 CMakeFiles/PIO_SR04.dir/home/light/pico/pico-sdk/src/rp2_common/pico_bootrom/bootrom.c.obj
 .debug_aranges
                0x0000000000000778       0x40 CMakeFiles/PIO_SR04.dir/home/light/pico/pico-sdk/src/rp2_common/pico_divider/divider.S.obj
 .debug_aranges
                0x00000000000007b8      0x140 CMakeFiles/PIO_SR04.dir/home/light/pico/pico-sdk/src/rp2_common/pico_double/double_aeabi.S.obj
 .debug_aranges
                0x00000000000008f8       0x20 CMakeFiles/PIO_SR04.dir/home/light/pico/pico-sdk/src/rp2_common/pico_double/double_init_rom.c.obj
 .debug_aranges
                0x0000000000000918       0xc8 CMakeFiles/PIO_SR04.dir/home/light/pico/pico-sdk/src/rp2_common/pico_double/double_v1_rom_shim.S.obj
 .debug_aranges
                0x00000000000009e0       0x20 CMakeFiles/PIO_SR04.dir/home/light/pico/pico-sdk/src/rp2_common/pico_int64_ops/pico_int64_ops_aeabi.S.obj